Component: ARM Compiler 5.06 update 4 (build 422) Tool: armlink [4d35d2]

==============================================================================

Section Cross References

    main.o(.text) refers to stm32f10x_rcc.o(.text) for RCC_APB2PeriphClockCmd
    main.o(.text) refers to stm32f10x_gpio.o(.text) for GPIO_Init
    main.o(.text) refers to syscomment.o(.text) for SysSaveData
    main.o(.text) refers to delay.o(.text) for delay_init
    main.o(.text) refers to sys.o(.text) for NVIC_Configuration
    main.o(.text) refers to timer.o(.text) for GENERAL_TIMx_Configuration
    main.o(.text) refers to main.o(.data) for u16SecTick
    main.o(.text) refers to main.o(.bss) for SysTask
    system_stm32f10x.o(.text) refers to system_stm32f10x.o(.data) for SystemCoreClock
    as608.o(.text) refers to stm32f10x_rcc.o(.text) for RCC_APB2PeriphClockCmd
    as608.o(.text) refers to stm32f10x_gpio.o(.text) for GPIO_Init
    as608.o(.text) refers to delay.o(.text) for delay_ms
    as608.o(.text) refers to strstr.o(.text) for strstr
    as608.o(.text) refers to as608.o(.data) for AS608Addr
    as608.o(.text) refers to usart2.o(.data) for USART2_RX_STA
    as608.o(.text) refers to usart2.o(.bss) for USART2_RX_BUF
    timer.o(.text) refers to stm32f10x_tim.o(.text) for TIM_GetITStatus
    timer.o(.text) refers to stm32f10x_rcc.o(.text) for RCC_APB1PeriphClockCmd
    timer.o(.text) refers to misc.o(.text) for NVIC_Init
    timer.o(.text) refers to usart1.o(.data) for USART1_RX_STA
    timer.o(.text) refers to usart2.o(.data) for USART2_RX_STA
    timer.o(.text) refers to main.o(.bss) for SysTask
    usart2.o(.text) refers to stm32f10x_usart.o(.text) for USART_GetITStatus
    usart2.o(.text) refers to stm32f10x_tim.o(.text) for TIM_SetCounter
    usart2.o(.text) refers to stm32f10x_rcc.o(.text) for RCC_APB2PeriphClockCmd
    usart2.o(.text) refers to stm32f10x_gpio.o(.text) for GPIO_Init
    usart2.o(.text) refers to misc.o(.text) for NVIC_Init
    usart2.o(.text) refers to timer.o(.text) for TIM4_Int_Init
    usart2.o(.text) refers to vsprintf.o(.text) for vsprintf
    usart2.o(.text) refers to strlen.o(.text) for strlen
    usart2.o(.text) refers to usart2.o(.data) for USART2_RX_STA
    usart2.o(.text) refers to usart2.o(.bss) for USART2_RX_BUF
    syscomment.o(.text) refers to stm32f10x_iwdg.o(.text) for IWDG_ReloadCounter
    syscomment.o(.text) refers to misc.o(.text) for SysTick_CLKSourceConfig
    syscomment.o(.text) refers to stm32f10x_rcc.o(.text) for RCC_APB2PeriphClockCmd
    syscomment.o(.text) refers to stm32f10x_gpio.o(.text) for GPIO_Init
    syscomment.o(.text) refers to as608.o(.text) for PS_GetImage
    syscomment.o(.text) refers to main.o(.data) for mSysTick
    syscomment.o(.text) refers to syscomment.o(.data) for mDelay
    syscomment.o(.text) refers to system_stm32f10x.o(.data) for SystemCoreClock
    syscomment.o(.text) refers to main.o(.bss) for SysTask
    syscomment.o(.text) refers to stm32f10x_usart.o(.text) for USART_SendData
    syscomment.o(.text) refers to strstr.o(.text) for strstr
    syscomment.o(.text) refers to rt_memclr_w.o(.text) for __aeabi_memclr4
    syscomment.o(.text) refers to rt_memcpy_w.o(.text) for __aeabi_memcpy4
    syscomment.o(.text) refers to usart1.o(.bss) for USART1_RX_BUF
    syscomment.o(.text) refers to usart1.o(.data) for USART1_RX_STA
    syscomment.o(.text) refers to usart1.o(.text) for Usart1_SendByte
    syscomment.o(.text) refers to san_flash.o(.text) for FLASH_WriteMoreData
    syscomment.o(.text) refers to delay.o(.text) for delay_ms
    san_flash.o(.text) refers to stm32f10x_flash.o(.text) for FLASH_Unlock
    usart1.o(.text) refers to stm32f10x_usart.o(.text) for USART_GetITStatus
    usart1.o(.text) refers to stm32f10x_tim.o(.text) for TIM_SetCounter
    usart1.o(.text) refers to stm32f10x_rcc.o(.text) for RCC_APB2PeriphClockCmd
    usart1.o(.text) refers to stm32f10x_gpio.o(.text) for GPIO_Init
    usart1.o(.text) refers to misc.o(.text) for NVIC_Init
    usart1.o(.text) refers to vsprintf.o(.text) for vsprintf
    usart1.o(.text) refers to strlen.o(.text) for strlen
    usart1.o(.text) refers to usart1.o(.data) for USART1_RX_STA
    usart1.o(.text) refers to usart1.o(.bss) for USART1_RX_BUF
    usart3.o(.text) refers to stm32f10x_usart.o(.text) for USART_GetITStatus
    usart3.o(.text) refers to stm32f10x_tim.o(.text) for TIM_SetCounter
    usart3.o(.text) refers to stm32f10x_rcc.o(.text) for RCC_APB1PeriphClockCmd
    usart3.o(.text) refers to stm32f10x_gpio.o(.text) for GPIO_Init
    usart3.o(.text) refers to misc.o(.text) for NVIC_Init
    usart3.o(.text) refers to vsprintf.o(.text) for vsprintf
    usart3.o(.text) refers to strlen.o(.text) for strlen
    usart3.o(.text) refers to usart3.o(.data) for USART3_RX_STA
    usart3.o(.text) refers to usart3.o(.bss) for USART3_RX_BUF
    pwm.o(.text) refers to stm32f10x_rcc.o(.text) for RCC_APB1PeriphClockCmd
    pwm.o(.text) refers to stm32f10x_gpio.o(.text) for GPIO_Init
[...]
    __lcnum_c_point                          0x08009be8   Data           0  lc_numeric_c.o(locale$$data)
    __lcnum_c_thousands                      0x08009bea   Data           0  lc_numeric_c.o(locale$$data)
    __lcnum_c_grouping                       0x08009beb   Data           0  lc_numeric_c.o(locale$$data)
    locale$$data                             0x08009bec   Section      272  lc_ctype_c.o(locale$$data)
    __lcnum_c_end                            0x08009bec   Data           0  lc_numeric_c.o(locale$$data)
    __lcctype_c_name                         0x08009bf0   Data           2  lc_ctype_c.o(locale$$data)
    __lcctype_c_start                        0x08009bf8   Data           0  lc_ctype_c.o(locale$$data)
    __lcctype_c_end                          0x08009cfc   Data           0  lc_ctype_c.o(locale$$data)
    .data                                    0x20000000   Section       16  main.o(.data)
    u16SecTick                               0x2000000e   Data           2  main.o(.data)
    .data                                    0x20000010   Section       20  system_stm32f10x.o(.data)
    .data                                    0x20000024   Section       89  as608.o(.data)
    .data                                    0x2000007e   Section        2  usart2.o(.data)
    .data                                    0x20000080   Section     4225  syscomment.o(.data)
    mDelay                                   0x20001088   Data           2  syscomment.o(.data)
    Tick_1S                                  0x200010ec   Data           2  syscomment.o(.data)
    u8MatchCnt                               0x200010ee   Data           1  syscomment.o(.data)
    u8State                                  0x200010ef   Data           1  syscomment.o(.data)
    u8State                                  0x200010f0   Data           1  syscomment.o(.data)
    u8State                                  0x200010f1   Data           1  syscomment.o(.data)
    u8State                                  0x200010f2   Data           1  syscomment.o(.data)
    u8State                                  0x200010f3   Data           1  syscomment.o(.data)
    u8State                                  0x200010f4   Data           1  syscomment.o(.data)
    u8State                                  0x200010f5   Data           1  syscomment.o(.data)
    u8State                                  0x200010f6   Data           1  syscomment.o(.data)
    u8State                                  0x200010f7   Data           1  syscomment.o(.data)
    u8State                                  0x200010f8   Data           1  syscomment.o(.data)
    u8State                                  0x200010f9   Data           1  syscomment.o(.data)
    u8State                                  0x200010fa   Data           1  syscomment.o(.data)
    u8State                                  0x200010fb   Data           1  syscomment.o(.data)
    u8State                                  0x200010fc   Data           1  syscomment.o(.data)
    u8State                                  0x200010fd   Data           1  syscomment.o(.data)
    u8State                                  0x200010fe   Data           1  syscomment.o(.data)
    u8Status                                 0x200010ff   Data           1  syscomment.o(.data)
    u8count                                  0x20001100   Data           1  syscomment.o(.data)
    .data                                    0x20001102   Section        2  usart1.o(.data)
    .data                                    0x20001104   Section        2  usart3.o(.data)
    .data                                    0x20001106   Section        4  delay.o(.data)
    fac_us                                   0x20001106   Data           1  delay.o(.data)
    fac_ms                                   0x20001108   Data           2  delay.o(.data)
    .data                                    0x2000110a   Section       20  stm32f10x_rcc.o(.data)
    APBAHBPrescTable                         0x2000110a   Data          16  stm32f10x_rcc.o(.data)
    ADCPrescTable                            0x2000111a   Data           4  stm32f10x_rcc.o(.data)
    .bss                                     0x20001120   Section      644  main.o(.bss)
    .bss                                     0x200013a4   Section      800  usart2.o(.bss)
    .bss                                     0x200016c4   Section      800  usart1.o(.bss)
    .bss                                     0x200019e4   Section      800  usart3.o(.bss)
    .bss                                     0x20001d04   Section       96  libspace.o(.bss)
    HEAP                                     0x20001d68   Section      512  startup_stm32f10x_hd.o(HEAP)
    Heap_Mem                                 0x20001d68   Data         512  startup_stm32f10x_hd.o(HEAP)
    STACK                                    0x20001f68   Section     1024  startup_stm32f10x_hd.o(STACK)
    Stack_Mem                                0x20001f68   Data        1024  startup_stm32f10x_hd.o(STACK)
    __initial_sp                             0x20002368   Data           0  startup_stm32f10x_hd.o(STACK)

    Global Symbols

    Symbol Name                              Value     Ov Type        Size  Object(Section)

    BuildAttributes$$THM_ISAv4$P$D$K$B$S$PE$A:L22UL41UL21$X:L11$S22US41US21$IEEE1$IW$USESV6$~STKCKD$USESV7$~SHL$OTIME$ROPI$IEEEJ$EBA8$UX$STANDARDLIB$REQ8$PRES8$EABIv2 0x00000000   Number         0  anon$$obj.o ABSOLUTE
    __ARM_use_no_argv                        0x00000000   Number         0  main.o ABSOLUTE
    _printf_flags                            0x00000000   Number         0  printf_stubs.o ABSOLUTE
    _printf_return_value                     0x00000000   Number         0  printf_stubs.o ABSOLUTE
    _printf_sizespec                         0x00000000   Number         0  printf_stubs.o ABSOLUTE
    _printf_widthprec                        0x00000000   Number         0  printf_stubs.o ABSOLUTE
    __ARM_exceptions_init                     - Undefined Weak Reference
    __alloca_initialize                       - Undefined Weak Reference
    __arm_preinit_                            - Undefined Weak Reference
    __cpp_initialize__aeabi_                  - Undefined Weak Reference
    __cxa_finalize                            - Undefined Weak Reference
    __sigvec_lookup                           - Undefined Weak Reference
    _atexit_init                              - Undefined Weak Reference
    _call_atexit_fns                          - Undefined Weak Reference
    _clock_init                               - Undefined Weak Reference
    _fp_trap_init                             - Undefined Weak Reference
    _fp_trap_shutdown                         - Undefined Weak Reference
    _get_lc_collate                           - Undefined Weak Reference
    _get_lc_monetary                          - Undefined Weak Reference
    _get_lc_time                              - Undefined Weak Reference
    _getenv_init                              - Undefined Weak Reference
    _handle_redirection                       - Undefined Weak Reference
    _init_alloc                               - Undefined Weak Reference
    _init_user_alloc                          - Undefined Weak Reference
    _initio                                   - Undefined Weak Reference
    _printf_mbtowc                            - Undefined Weak Reference
    _printf_wc                                - Undefined Weak Reference
    _rand_init                                - Undefined Weak Reference
    _signal_finish                            - Undefined Weak Reference
    _signal_init                              - Undefined Weak Reference
    _terminate_alloc                          - Undefined Weak Reference
    _terminate_user_alloc                     - Undefined Weak Reference
    _terminateio                              - Undefined Weak Reference
    __Vectors_Size                           0x00000130   Number         0  startup_stm32f10x_hd.o ABSOLUTE
    __Vectors                                0x08000000   Data           4  startup_stm32f10x_hd.o(RESET)
    __Vectors_End                            0x08000130   Data           0  startup_stm32f10x_hd.o(RESET)
    __main                                   0x08000131   Thumb Code     8  __main.o(!!!main)
    __scatterload                            0x08000139   Thumb Code     0  __scatter.o(!!!scatter)
    __scatterload_rt2                        0x08000139   Thumb Code    44  __scatter.o(!!!scatter)
    __scatterload_rt2_thumb_only             0x08000139   Thumb Code     0  __scatter.o(!!!scatter)
    __scatterload_null                       0x08000147   Thumb Code     0  __scatter.o(!!!scatter)
    __decompress                             0x0800016d   Thumb Code   100  __dclz77c.o(!!dclz77c)
    __decompress2                            0x0800016d   Thumb Code     0  __dclz77c.o(!!dclz77c)
    __scatterload_zeroinit                   0x080001d1   Thumb Code    28  __scatter_zi.o(!!handler_zi)
    _printf_n                                0x080001ed   Thumb Code     0  _printf_n.o(.ARM.Collect$$_printf_percent$$00000001)
    _printf_percent                          0x080001ed   Thumb Code     0  _printf_percent.o(.ARM.Collect$$_printf_percent$$00000000)
    _printf_p                                0x080001f3   Thumb Code     0  _printf_p.o(.ARM.Collect$$_printf_percent$$00000002)
    _printf_f                                0x080001f9   Thumb Code     0  _printf_f.o(.ARM.Collect$$_printf_percent$$00000003)
    _printf_e                                0x080001ff   Thumb Code     0  _printf_e.o(.ARM.Collect$$_printf_percent$$00000004)
    _printf_g                                0x08000205   Thumb Code     0  _printf_g.o(.ARM.Collect$$_printf_percent$$00000005)
    _printf_a                                0x0800020b   Thumb Code     0  _printf_a.o(.ARM.Collect$$_printf_percent$$00000006)
    _printf_ll                               0x08000211   Thumb Code     0  _printf_ll.o(.ARM.Collect$$_printf_percent$$00000007)
    _printf_i                                0x0800021b   Thumb Code     0  _printf_i.o(.ARM.Collect$$_printf_percent$$00000008)
    _printf_d                                0x08000221   Thumb Code     0  _printf_d.o(.ARM.Collect$$_printf_percent$$00000009)
    _printf_u                                0x08000227   Thumb Code     0  _printf_u.o(.ARM.Collect$$_printf_percent$$0000000A)
    _printf_o                                0x0800022d   Thumb Code     0  _printf_o.o(.ARM.Collect$$_printf_percent$$0000000B)
    _printf_x                                0x08000233   Thumb Code     0  _printf_x.o(.ARM.Collect$$_printf_percent$$0000000C)
    _printf_lli                              0x08000239   Thumb Code     0  _printf_lli.o(.ARM.Collect$$_printf_percent$$0000000D)
    _printf_lld                              0x0800023f   Thumb Code     0  _printf_lld.o(.ARM.Collect$$_printf_percent$$0000000E)
    _printf_llu                              0x08000245   Thumb Code     0  _printf_llu.o(.ARM.Collect$$_printf_percent$$0000000F)
    _printf_llo                              0x0800024b   Thumb Code     0  _printf_llo.o(.ARM.Collect$$_printf_percent$$00000010)
    _printf_llx                              0x08000251   Thumb Code     0  _printf_llx.o(.ARM.Collect$$_printf_percent$$00000011)
    _printf_l                                0x08000257   Thumb Code     0  _printf_l.o(.ARM.Collect$$_printf_percent$$00000012)
    _printf_c                                0x08000261   Thumb Code     0  _printf_c.o(.ARM.Collect$$_printf_percent$$00000013)
    _printf_s                                0x08000267   Thumb Code     0  _printf_s.o(.ARM.Collect$$_printf_percent$$00000014)
    _printf_lc                               0x0800026d   Thumb Code     0  _printf_lc.o(.ARM.Collect$$_printf_percent$$00000015)
    _printf_ls                               0x08000273   Thumb Code     0  _printf_ls.o(.ARM.Collect$$_printf_percent$$00000016)
    _printf_percent_end                      0x08000279   Thumb Code     0  _printf_percent_end.o(.ARM.Collect$$_printf_percent$$00000017)
    __rt_lib_init                            0x0800027d   Thumb Code     0  libinit.o(.ARM.Collect$$libinit$$00000000)
    __rt_lib_init_fp_1                       0x0800027f   Thumb Code     0  libinit2.o(.ARM.Collect$$libinit$$00000002)
    __rt_lib_init_heap_1                     0x0800027f   Thumb Code     0  libinit2.o(.ARM.Collect$$libinit$$0000000A)
    __rt_lib_init_lc_common                  0x0800027f   Thumb Code     0  libinit2.o(.ARM.Collect$$libinit$$0000000F)
    __rt_lib_init_preinit_1                  0x0800027f   Thumb Code     0  libinit2.o(.ARM.Collect$$libinit$$00000004)
    __rt_lib_init_rand_1                     0x0800027f   Thumb Code     0  libinit2.o(.ARM.Collect$$libinit$$0000000E)
    __rt_lib_init_user_alloc_1               0x0800027f   Thumb Code     0  libinit2.o(.ARM.Collect$$libinit$$0000000C)
    __rt_lib_init_lc_collate_1               0x08000285   Thumb Code     0  libinit2.o(.ARM.Collect$$libinit$$00000011)
    __rt_lib_init_lc_ctype_2                 0x08000285   Thumb Code     0  libinit2.o(.ARM.Collect$$libinit$$00000012)
    __rt_lib_init_lc_ctype_1                 0x08000291   Thumb Code     0  libinit2.o(.ARM.Collect$$libinit$$00000013)
    __rt_lib_init_lc_monetary_1              0x08000291   Thumb Code     0  libinit2.o(.ARM.Collect$$libinit$$00000015)
    __rt_lib_init_lc_numeric_2               0x08000291   Thumb Code     0  libinit2.o(.ARM.Collect$$libinit$$00000016)
    __rt_lib_init_alloca_1                   0x0800029b   Thumb Code     0  libinit2.o(.ARM.Collect$$libinit$$0000002E)
    __rt_lib_init_argv_1                     0x0800029b   Thumb Code     0  libinit2.o(.ARM.Collect$$libinit$$0000002C)
    __rt_lib_init_atexit_1                   0x0800029b   Thumb Code     0  libinit2.o(.ARM.Collect$$libinit$$0000001B)
    __rt_lib_init_clock_1                    0x0800029b   Thumb Code     0  libinit2.o(.ARM.Collect$$libinit$$00000021)
    __rt_lib_init_cpp_1                      0x0800029b   Thumb Code     0  libinit2.o(.ARM.Collect$$libinit$$00000032)
    __rt_lib_init_exceptions_1               0x0800029b   Thumb Code     0  libinit2.o(.ARM.Collect$$libinit$$00000030)
    __rt_lib_init_fp_trap_1                  0x0800029b   Thumb Code     0  libinit2.o(.ARM.Collect$$libinit$$0000001F)
    __rt_lib_init_getenv_1                   0x0800029b   Thumb Code     0  libinit2.o(.ARM.Collect$$libinit$$00000023)
    __rt_lib_init_lc_numeric_1               0x0800029b   Thumb Code     0  libinit2.o(.ARM.Collect$$libinit$$00000017)
    __rt_lib_init_lc_time_1                  0x0800029b   Thumb Code     0  libinit2.o(.ARM.Collect$$libinit$$00000019)
    __rt_lib_init_return                     0x0800029b   Thumb Code     0  libinit2.o(.ARM.Collect$$libinit$$00000033)
    __rt_lib_init_signal_1                   0x0800029b   Thumb Code     0  libinit2.o(.ARM.Collect$$libinit$$0000001D)
    __rt_lib_init_stdio_1                    0x0800029b   Thumb Code     0  libinit2.o(.ARM.Collect$$libinit$$00000025)
    __rt_lib_shutdown                        0x0800029d   Thumb Code     0  libshutdown.o(.ARM.Collect$$libshutdown$$00000000)
    __rt_lib_shutdown_cpp_1                  0x0800029f   Thumb Code     0  libshutdown2.o(.ARM.Collect$$libshutdown$$00000002)
    __rt_lib_shutdown_fp_trap_1              0x0800029f   Thumb Code     0  libshutdown2.o(.ARM.Collect$$libshutdown$$00000007)
    __rt_lib_shutdown_heap_1                 0x0800029f   Thumb Code     0  libshutdown2.o(.ARM.Collect$$libshutdown$$0000000F)
    __rt_lib_shutdown_return                 0x0800029f   Thumb Code     0  libshutdown2.o(.ARM.Collect$$libshutdown$$00000010)
    __rt_lib_shutdown_signal_1               0x0800029f   Thumb Code     0  libshutdown2.o(.ARM.Collect$$libshutdown$$0000000A)
    __rt_lib_shutdown_stdio_1                0x0800029f   Thumb Code     0  libshutdown2.o(.ARM.Collect$$libshutdown$$00000004)
    __rt_lib_shutdown_user_alloc_1           0x0800029f   Thumb Code     0  libshutdown2.o(.ARM.Collect$$libshutdown$$0000000C)
    __rt_entry                               0x080002a1   Thumb Code     0  __rtentry.o(.ARM.Collect$$rtentry$$00000000)
    __rt_entry_presh_1                       0x080002a1   Thumb Code     0  __rtentry2.o(.ARM.Collect$$rtentry$$00000002)
    __rt_entry_sh                            0x080002a1   Thumb Code     0  __rtentry4.o(.ARM.Collect$$rtentry$$00000004)
    __rt_entry_li                            0x080002a7   Thumb Code     0  __rtentry2.o(.ARM.Collect$$rtentry$$0000000A)
    __rt_entry_postsh_1                      0x080002a7   Thumb Code     0  __rtentry2.o(.ARM.Collect$$rtentry$$00000009)
    __rt_entry_main                          0x080002ab   Thumb Code     0  __rtentry2.o(.ARM.Collect$$rtentry$$0000000D)
    __rt_entry_postli_1                      0x080002ab   Thumb Code     0  __rtentry2.o(.ARM.Collect$$rtentry$$0000000C)
    __rt_exit                                0x080002b3   Thumb Code     0  rtexit.o(.ARM.Collect$$rtexit$$00000000)
    __rt_exit_ls                             0x080002b5   Thumb Code     0  rtexit2.o(.ARM.Collect$$rtexit$$00000003)
    __rt_exit_prels_1                        0x080002b5   Thumb Code     0  rtexit2.o(.ARM.Collect$$rtexit$$00000002)
    __rt_exit_exit                           0x080002b9   Thumb Code     0  rtexit2.o(.ARM.Collect$$rtexit$$00000004)
    LockGPIOInit                             0x080002c1   Thumb Code    40  main.o(.text)
    Moto_ZeroGPIOInit                        0x080002e9   Thumb Code    40  main.o(.text)
    Moto_DirGPIOInit                         0x08000311   Thumb Code    76  main.o(.text)
    SysTickTask                              0x0800035d   Thumb Code   228  main.o(.text)
    main                                     0x08000441   Thumb Code    40  main.o(.text)
    NMI_Handler                              0x08000485   Thumb Code     2  stm32f10x_it.o(.text)
    HardFault_Handler                        0x08000487   Thumb Code     4  stm32f10x_it.o(.text)
    MemManage_Handler                        0x0800048b   Thumb Code     4  stm32f10x_it.o(.text)
    BusFault_Handler                         0x0800048f   Thumb Code     4  stm32f10x_it.o(.text)
    UsageFault_Handler                       0x08000493   Thumb Code     4  stm32f10x_it.o(.text)
    SVC_Handler                              0x08000497   Thumb Code     2  stm32f10x_it.o(.text)
    DebugMon_Handler                         0x08000499   Thumb Code     2  stm32f10x_it.o(.text)
    PendSV_Handler                           0x0800049b   Thumb Code     2  stm32f10x_it.o(.text)
    SystemInit                               0x0800057b   Thumb Code    78  system_stm32f10x.o(.text)
    SystemCoreClockUpdate                    0x080005c9   Thumb Code   142  system_stm32f10x.o(.text)
    PS_StaGPIO_Init                          0x0800067d   Thumb Code    38  as608.o(.text)
    PS_GetImage                              0x080007af   Thumb Code    58  as608.o(.text)
    PS_GenChar                               0x080007e9   Thumb Code    70  as608.o(.text)
    PS_Match                                 0x0800082f   Thumb Code    58  as608.o(.text)
    PS_Search                                0x08000869   Thumb Code   144  as608.o(.text)
    PS_RegModel                              0x080008f9   Thumb Code    58  as608.o(.text)
    PS_StoreChar                             0x08000933   Thumb Code    96  as608.o(.text)
    PS_DeletChar                             0x08000993   Thumb Code   108  as608.o(.text)
    PS_Empty                                 0x080009ff   Thumb Code    58  as608.o(.text)
    PS_WriteReg                              0x08000a39   Thumb Code   104  as608.o(.text)
    PS_ReadSysPara                           0x08000aa1   Thumb Code   108  as608.o(.text)
    PS_SetAddr                               0x08000b0d   Thumb Code   120  as608.o(.text)
    PS_WriteNotepad                          0x08000b85   Thumb Code   106  as608.o(.text)
    PS_ReadNotepad                           0x08000bef   Thumb Code    96  as608.o(.text)
    PS_HighSpeedSearch                       0x08000c4f   Thumb Code   144  as608.o(.text)
    PS_ValidTempleteNum                      0x08000cdf   Thumb Code    74  as608.o(.text)
    PS_HandShake                             0x08000d29   Thumb Code   120  as608.o(.text)
    EnsureMessage                            0x08000da1   Thumb Code   140  as608.o(.text)
    TIM4_IRQHandler                          0x08001021   Thumb Code    54  timer.o(.text)
    TIM4_Int_Init                            0x08001057   Thumb Code    90  timer.o(.text)
    TIM2_IRQHandler                          0x080010b1   Thumb Code    32  timer.o(.text)
    GENERAL_TIMx_NVIC_Configuration          0x080010d1   Thumb Code    42  timer.o(.text)
    GENERAL_TIMx_Configuration               0x080010fb   Thumb Code    72  timer.o(.text)
    USART2_IRQHandler                        0x08001155   Thumb Code    94  usart2.o(.text)
    usart2_init                              0x080011b3   Thumb Code   186  usart2.o(.text)
    u2_printf                                0x0800126d   Thumb Code    72  usart2.o(.text)
    Usart2_SendByte                          0x080012b5   Thumb Code    28  usart2.o(.text)
    SysTick_Handler                          0x0800130d   Thumb Code   134  syscomment.o(.text)
    DelayUs                                  0x08001393   Thumb Code    16  syscomment.o(.text)
    DelayMs                                  0x080013a3   Thumb Code    26  syscomment.o(.text)
    Strcpy                                   0x080013bd   Thumb Code    20  syscomment.o(.text)
    Strcmp                                   0x080013d1   Thumb Code    34  syscomment.o(.text)
    Sys_DelayMS                              0x080013f3   Thumb Code    18  syscomment.o(.text)
    SysTickConfig                            0x08001405   Thumb Code    82  syscomment.o(.text)
    Sys_LayerInit                            0x08001457   Thumb Code    24  syscomment.o(.text)
    Sys_IWDGConfig                           0x0800146f   Thumb Code    34  syscomment.o(.text)
    Sys_IWDGReloadCounter                    0x08001491   Thumb Code     8  syscomment.o(.text)
    LedInit                                  0x08001499   Thumb Code    50  syscomment.o(.text)
    FingerTouchTask                          0x080014cb   Thumb Code   750  syscomment.o(.text)
    LedTask                                  0x080017b9   Thumb Code    62  syscomment.o(.text)
    CheckSum                                 0x080017f7   Thumb Code    34  syscomment.o(.text)
    SlavePackageSend                         0x08001819   Thumb Code   102  syscomment.o(.text)
    TabletToHostTask                         0x08001a93   Thumb Code    24  syscomment.o(.text)
    SendToTablet                             0x08001aab   Thumb Code   158  syscomment.o(.text)
    SendTabletTask                           0x08001b49   Thumb Code    78  syscomment.o(.text)
    HostToTabletTask                         0x08001b97   Thumb Code     2  syscomment.o(.text)
    Moto_01_Task                             0x08001b99   Thumb Code   748  syscomment.o(.text)
    Moto_02_Task                             0x08001e85   Thumb Code   772  syscomment.o(.text)
    Moto_03_Task                             0x08002189   Thumb Code   766  syscomment.o(.text)
    Moto_04_Task                             0x08002487   Thumb Code   768  syscomment.o(.text)
    Moto_05_Task                             0x08002787   Thumb Code   740  syscomment.o(.text)
    Moto_06_Task                             0x08002a6b   Thumb Code   768  syscomment.o(.text)
    Moto_07_Task                             0x08002d6b   Thumb Code   772  syscomment.o(.text)
    Moto_08_Task                             0x0800306f   Thumb Code   740  syscomment.o(.text)
    Moto_09_Task                             0x08003353   Thumb Code   816  syscomment.o(.text)
    Moto_10_Task                             0x08003683   Thumb Code   814  syscomment.o(.text)
    Moto_11_Task                             0x080039b1   Thumb Code   814  syscomment.o(.text)
    Moto_12_Task                             0x08003cdf   Thumb Code   812  syscomment.o(.text)
    Moto_13_Task                             0x0800400b   Thumb Code   782  syscomment.o(.text)
    Moto_14_Task                             0x08004319   Thumb Code   812  syscomment.o(.text)
    Moto_15_Task                             0x08004645   Thumb Code   812  syscomment.o(.text)
    Moto_16_Task                             0x08004971   Thumb Code   816  syscomment.o(.text)
    Lock_01_Task                             0x08004ca1   Thumb Code   184  syscomment.o(.text)
    Lock_02_Task                             0x08004d59   Thumb Code   178  syscomment.o(.text)
    Lock_03_Task                             0x08004e0b   Thumb Code   178  syscomment.o(.text)
    Lock_04_Task                             0x08004ebd   Thumb Code   178  syscomment.o(.text)
    Lock_05_Task                             0x08004f6f   Thumb Code   178  syscomment.o(.text)
    Lock_06_Task                             0x08005021   Thumb Code   200  syscomment.o(.text)
    Lock_07_Task                             0x080050e9   Thumb Code   178  syscomment.o(.text)
    Lock_08_Task                             0x0800519b   Thumb Code   178  syscomment.o(.text)
    Lock_09_Task                             0x0800524d   Thumb Code   186  syscomment.o(.text)
    Lock_10_Task                             0x08005307   Thumb Code   186  syscomment.o(.text)
    Lock_11_Task                             0x080053c1   Thumb Code   186  syscomment.o(.text)
    Lock_12_Task                             0x0800547b   Thumb Code   200  syscomment.o(.text)
    Lock_13_Task                             0x08005543   Thumb Code   186  syscomment.o(.text)
    Lock_14_Task                             0x080055fd   Thumb Code   186  syscomment.o(.text)
    Lock_15_Task                             0x080056b7   Thumb Code   186  syscomment.o(.text)
    Lock_16_Task                             0x08005771   Thumb Code   186  syscomment.o(.text)
    MainTask                                 0x0800582b   Thumb Code   164  syscomment.o(.text)
    SysSaveData                              0x080058cf   Thumb Code   234  syscomment.o(.text)
    SysInit                                  0x080059b9   Thumb Code   526  syscomment.o(.text)
    FLASH_ReadHalfWord                       0x08005be1   Thumb Code     6  san_flash.o(.text)
    FLASH_ReadMoreData                       0x08005be7   Thumb Code    34  san_flash.o(.text)
    FLASH_ReadWord                           0x08005c09   Thumb Code    12  san_flash.o(.text)
    FLASH_WriteMoreData                      0x08005c15   Thumb Code   120  san_flash.o(.text)
    USART1_IRQHandler                        0x08005c91   Thumb Code    94  usart1.o(.text)
    usart1_init                              0x08005cef   Thumb Code   168  usart1.o(.text)
    u1_printf                                0x08005d97   Thumb Code    72  usart1.o(.text)
    Usart1_SendByte                          0x08005ddf   Thumb Code    28  usart1.o(.text)
    USART3_IRQHandler                        0x08005e15   Thumb Code    94  usart3.o(.text)
    usart3_init                              0x08005e73   Thumb Code   160  usart3.o(.text)
    u3_printf                                0x08005f13   Thumb Code    72  usart3.o(.text)
    Usart3_SendByte                          0x08005f5b   Thumb Code    28  usart3.o(.text)
    delay_init                               0x08005f91   Thumb Code    50  delay.o(.text)
    delay_us                                 0x08005fc3   Thumb Code    72  delay.o(.text)
    delay_ms                                 0x0800600b   Thumb Code    72  delay.o(.text)
    NVIC_Configuration                       0x08006065   Thumb Code    12  sys.o(.text)
    TIM_DeInit                               0x08006071   Thumb Code   424  stm32f10x_tim.o(.text)
    TIM_TimeBaseInit                         0x08006219   Thumb Code   122  stm32f10x_tim.o(.text)
    TIM_OC1Init                              0x08006293   Thumb Code   132  stm32f10x_tim.o(.text)
    TIM_OC2Init                              0x08006317   Thumb Code   154  stm32f10x_tim.o(.text)
    TIM_OC3Init                              0x080063b1   Thumb Code   150  stm32f10x_tim.o(.text)
    TIM_OC4Init                              0x08006447   Thumb Code   182  stm32f10x_tim.o(.text)
    TIM_SetIC4Prescaler                      0x080064fd   Thumb Code    26  stm32f10x_tim.o(.text)
    TIM_SetIC3Prescaler                      0x08006599   Thumb Code    18  stm32f10x_tim.o(.text)
    TIM_SetIC2Prescaler                      0x08006625   Thumb Code    26  stm32f10x_tim.o(.text)
    TIM_SetIC1Prescaler                      0x080066c1   Thumb Code    18  stm32f10x_tim.o(.text)
    TIM_ICInit                               0x0800673f   Thumb Code   150  stm32f10x_tim.o(.text)
    TIM_PWMIConfig                           0x080067d5   Thumb Code   124  stm32f10x_tim.o(.text)
    TIM_BDTRConfig                           0x08006851   Thumb Code    32  stm32f10x_tim.o(.text)
    TIM_TimeBaseStructInit                   0x08006871   Thumb Code    18  stm32f10x_tim.o(.text)
    TIM_OCStructInit                         0x08006883   Thumb Code    20  stm32f10x_tim.o(.text)
    TIM_ICStructInit                         0x08006897   Thumb Code    18  stm32f10x_tim.o(.text)
    TIM_BDTRStructInit                       0x080068a9   Thumb Code    40  stm32f10x_tim.o(.text)
    TIM_Cmd                                  0x080068d1   Thumb Code    24  stm32f10x_tim.o(.text)
    TIM_CtrlPWMOutputs                       0x080068e9   Thumb Code    30  stm32f10x_tim.o(.text)
    TIM_ITConfig                             0x08006907   Thumb Code    18  stm32f10x_tim.o(.text)
    TIM_GenerateEvent                        0x08006919   Thumb Code     4  stm32f10x_tim.o(.text)
    TIM_DMAConfig                            0x0800691d   Thumb Code    10  stm32f10x_tim.o(.text)
    TIM_DMACmd                               0x08006927   Thumb Code    18  stm32f10x_tim.o(.text)
    TIM_InternalClockConfig                  0x08006939   Thumb Code    12  stm32f10x_tim.o(.text)
    TIM_SelectInputTrigger                   0x08006945   Thumb Code    18  stm32f10x_tim.o(.text)
    TIM_ITRxExternalClockConfig              0x08006957   Thumb Code    24  stm32f10x_tim.o(.text)
    TIM_TIxExternalClockConfig               0x0800696f   Thumb Code    62  stm32f10x_tim.o(.text)
    TIM_ETRConfig                            0x080069ad   Thumb Code    28  stm32f10x_tim.o(.text)
    TIM_ETRClockMode1Config                  0x080069c9   Thumb Code    54  stm32f10x_tim.o(.text)
    TIM_ETRClockMode2Config                  0x080069ff   Thumb Code    32  stm32f10x_tim.o(.text)
    TIM_PrescalerConfig                      0x08006a1f   Thumb Code     6  stm32f10x_tim.o(.text)
    TIM_CounterModeConfig                    0x08006a25   Thumb Code    18  stm32f10x_tim.o(.text)
    TIM_EncoderInterfaceConfig               0x08006a37   Thumb Code    66  stm32f10x_tim.o(.text)
    TIM_ForcedOC1Config                      0x08006a79   Thumb Code    18  stm32f10x_tim.o(.text)
    TIM_ForcedOC2Config                      0x08006a8b   Thumb Code    26  stm32f10x_tim.o(.text)
    TIM_ForcedOC3Config                      0x08006aa5   Thumb Code    18  stm32f10x_tim.o(.text)
    TIM_ForcedOC4Config                      0x08006ab7   Thumb Code    26  stm32f10x_tim.o(.text)
    TIM_ARRPreloadConfig                     0x08006ad1   Thumb Code    24  stm32f10x_tim.o(.text)
    TIM_SelectCOM                            0x08006ae9   Thumb Code    24  stm32f10x_tim.o(.text)
    TIM_SelectCCDMA                          0x08006b01   Thumb Code    24  stm32f10x_tim.o(.text)
    TIM_CCPreloadControl                     0x08006b19   Thumb Code    24  stm32f10x_tim.o(.text)
    TIM_OC1PreloadConfig                     0x08006b31   Thumb Code    18  stm32f10x_tim.o(.text)
    TIM_OC2PreloadConfig                     0x08006b43   Thumb Code    26  stm32f10x_tim.o(.text)
    TIM_OC3PreloadConfig                     0x08006b5d   Thumb Code    18  stm32f10x_tim.o(.text)
    TIM_OC4PreloadConfig                     0x08006b6f   Thumb Code    26  stm32f10x_tim.o(.text)
    TIM_OC1FastConfig                        0x08006b89   Thumb Code    18  stm32f10x_tim.o(.text)
    TIM_OC2FastConfig                        0x08006b9b   Thumb Code    26  stm32f10x_tim.o(.text)
    TIM_OC3FastConfig                        0x08006bb5   Thumb Code    18  stm32f10x_tim.o(.text)
    TIM_OC4FastConfig                        0x08006bc7   Thumb Code    26  stm32f10x_tim.o(.text)
    TIM_ClearOC1Ref                          0x08006be1   Thumb Code    18  stm32f10x_tim.o(.text)
    TIM_ClearOC2Ref                          0x08006bf3   Thumb Code    24  stm32f10x_tim.o(.text)
    TIM_ClearOC3Ref                          0x08006c0b   Thumb Code    18  stm32f10x_tim.o(.text)
    TIM_ClearOC4Ref                          0x08006c1d   Thumb Code    24  stm32f10x_tim.o(.text)
    TIM_OC1PolarityConfig                    0x08006c35   Thumb Code    18  stm32f10x_tim.o(.text)
    TIM_OC1NPolarityConfig                   0x08006c47   Thumb Code    18  stm32f10x_tim.o(.text)
    TIM_OC2PolarityConfig                    0x08006c59   Thumb Code    26  stm32f10x_tim.o(.text)
    TIM_OC2NPolarityConfig                   0x08006c73   Thumb Code    26  stm32f10x_tim.o(.text)
    TIM_OC3PolarityConfig                    0x08006c8d   Thumb Code    26  stm32f10x_tim.o(.text)
    TIM_OC3NPolarityConfig                   0x08006ca7   Thumb Code    26  stm32f10x_tim.o(.text)
    TIM_OC4PolarityConfig                    0x08006cc1   Thumb Code    26  stm32f10x_tim.o(.text)
    TIM_CCxCmd                               0x08006cdb   Thumb Code    30  stm32f10x_tim.o(.text)
    TIM_CCxNCmd                              0x08006cf9   Thumb Code    30  stm32f10x_tim.o(.text)
    TIM_SelectOCxM                           0x08006d17   Thumb Code    82  stm32f10x_tim.o(.text)
    TIM_UpdateDisableConfig                  0x08006d69   Thumb Code    24  stm32f10x_tim.o(.text)
    TIM_UpdateRequestConfig                  0x08006d81   Thumb Code    24  stm32f10x_tim.o(.text)
    TIM_SelectHallSensor                     0x08006d99   Thumb Code    24  stm32f10x_tim.o(.text)
    TIM_SelectOnePulseMode                   0x08006db1   Thumb Code    18  stm32f10x_tim.o(.text)
    TIM_SelectOutputTrigger                  0x08006dc3   Thumb Code    18  stm32f10x_tim.o(.text)
    TIM_SelectSlaveMode                      0x08006dd5   Thumb Code    18  stm32f10x_tim.o(.text)
    TIM_SelectMasterSlaveMode                0x08006de7   Thumb Code    18  stm32f10x_tim.o(.text)
    TIM_SetCounter                           0x08006df9   Thumb Code     4  stm32f10x_tim.o(.text)
    TIM_SetAutoreload                        0x08006dfd   Thumb Code     4  stm32f10x_tim.o(.text)
    TIM_SetCompare1                          0x08006e01   Thumb Code     4  stm32f10x_tim.o(.text)
    TIM_SetCompare2                          0x08006e05   Thumb Code     4  stm32f10x_tim.o(.text)
    TIM_SetCompare3                          0x08006e09   Thumb Code     4  stm32f10x_tim.o(.text)
    TIM_SetCompare4                          0x08006e0d   Thumb Code     6  stm32f10x_tim.o(.text)
    TIM_SetClockDivision                     0x08006e13   Thumb Code    18  stm32f10x_tim.o(.text)
    TIM_GetCapture1                          0x08006e25   Thumb Code     6  stm32f10x_tim.o(.text)
    TIM_GetCapture2                          0x08006e2b   Thumb Code     6  stm32f10x_tim.o(.text)
    TIM_GetCapture3                          0x08006e31   Thumb Code     6  stm32f10x_tim.o(.text)
    TIM_GetCapture4                          0x08006e37   Thumb Code     8  stm32f10x_tim.o(.text)
    TIM_GetCounter                           0x08006e3f   Thumb Code     6  stm32f10x_tim.o(.text)
    TIM_GetPrescaler                         0x08006e45   Thumb Code     6  stm32f10x_tim.o(.text)
    TIM_GetFlagStatus                        0x08006e4b   Thumb Code    18  stm32f10x_tim.o(.text)
    TIM_ClearFlag                            0x08006e5d   Thumb Code     6  stm32f10x_tim.o(.text)
    TIM_GetITStatus                          0x08006e63   Thumb Code    34  stm32f10x_tim.o(.text)
    TIM_ClearITPendingBit                    0x08006e85   Thumb Code     6  stm32f10x_tim.o(.text)
    Reset_Handler                            0x08006e8d   Thumb Code     8  startup_stm32f10x_hd.o(.text)
    ADC1_2_IRQHandler                        0x08006ea7   Thumb Code     0  startup_stm32f10x_hd.o(.text)
    ADC3_IRQHandler                          0x08006ea7   Thumb Code     0  startup_stm32f10x_hd.o(.text)
    CAN1_RX1_IRQHandler                      0x08006ea7   Thumb Code     0  startup_stm32f10x_hd.o(.text)
    CAN1_SCE_IRQHandler                      0x08006ea7   Thumb Code     0  startup_stm32f10x_hd.o(.text)
    DMA1_Channel1_IRQHandler                 0x08006ea7   Thumb Code     0  startup_stm32f10x_hd.o(.text)
    DMA1_Channel2_IRQHandler                 0x08006ea7   Thumb Code     0  startup_stm32f10x_hd.o(.text)
    DMA1_Channel3_IRQHandler                 0x08006ea7   Thumb Code     0  startup_stm32f10x_hd.o(.text)
    DMA1_Channel4_IRQHandler                 0x08006ea7   Thumb Code     0  startup_stm32f10x_hd.o(.text)
    DMA1_Channel5_IRQHandler                 0x08006ea7   Thumb Code     0  startup_stm32f10x_hd.o(.text)
    DMA1_Channel6_IRQHandler                 0x08006ea7   Thumb Code     0  startup_stm32f10x_hd.o(.text)
    DMA1_Channel7_IRQHandler                 0x08006ea7   Thumb Code     0  startup_stm32f10x_hd.o(.text)
    DMA2_Channel1_IRQHandler                 0x08006ea7   Thumb Code     0  startup_stm32f10x_hd.o(.text)
    DMA2_Channel2_IRQHandler                 0x08006ea7   Thumb Code     0  startup_stm32f10x_hd.o(.text)
    DMA2_Channel3_IRQHandler                 0x08006ea7   Thumb Code     0  startup_stm32f10x_hd.o(.text)
    DMA2_Channel4_5_IRQHandler               0x08006ea7   Thumb Code     0  startup_stm32f10x_hd.o(.text)
    EXTI0_IRQHandler                         0x08006ea7   Thumb Code     0  startup_stm32f10x_hd.o(.text)
    EXTI15_10_IRQHandler                     0x08006ea7   Thumb Code     0  startup_stm32f10x_hd.o(.text)
    EXTI1_IRQHandler                         0x08006ea7   Thumb Code     0  startup_stm32f10x_hd.o(.text)
    EXTI2_IRQHandler                         0x08006ea7   Thumb Code     0  startup_stm32f10x_hd.o(.text)
    EXTI3_IRQHandler                         0x08006ea7   Thumb Code     0  startup_stm32f10x_hd.o(.text)
    EXTI4_IRQHandler                         0x08006ea7   Thumb Code     0  startup_stm32f10x_hd.o(.text)
    EXTI9_5_IRQHandler                       0x08006ea7   Thumb Code     0  startup_stm32f10x_hd.o(.text)
    FLASH_IRQHandler                         0x08006ea7   Thumb Code     0  startup_stm32f10x_hd.o(.text)
    FSMC_IRQHandler                          0x08006ea7   Thumb Code     0  startup_stm32f10x_hd.o(.text)
    I2C1_ER_IRQHandler                       0x08006ea7   Thumb Code     0  startup_stm32f10x_hd.o(.text)
    I2C1_EV_IRQHandler                       0x08006ea7   Thumb Code     0  startup_stm32f10x_hd.o(.text)
    I2C2_ER_IRQHandler                       0x08006ea7   Thumb Code     0  startup_stm32f10x_hd.o(.text)
    I2C2_EV_IRQHandler                       0x08006ea7   Thumb Code     0  startup_stm32f10x_hd.o(.text)
    PVD_IRQHandler                           0x08006ea7   Thumb Code     0  startup_stm32f10x_hd.o(.text)
    RCC_IRQHandler                           0x08006ea7   Thumb Code     0  startup_stm32f10x_hd.o(.text)
    RTCAlarm_IRQHandler                      0x08006ea7   Thumb Code     0  startup_stm32f10x_hd.o(.text)
    RTC_IRQHandler                           0x08006ea7   Thumb Code     0  startup_stm32f10x_hd.o(.text)
    SDIO_IRQHandler                          0x08006ea7   Thumb Code     0  startup_stm32f10x_hd.o(.text)
    SPI1_IRQHandler                          0x08006ea7   Thumb Code     0  startup_stm32f10x_hd.o(.text)
    SPI2_IRQHandler                          0x08006ea7   Thumb Code     0  startup_stm32f10x_hd.o(.text)
    SPI3_IRQHandler                          0x08006ea7   Thumb Code     0  startup_stm32f10x_hd.o(.text)
    TAMPER_IRQHandler                        0x08006ea7   Thumb Code     0  startup_stm32f10x_hd.o(.text)
    TIM1_BRK_IRQHandler                      0x08006ea7   Thumb Code     0  startup_stm32f10x_hd.o(.text)
    TIM1_CC_IRQHandler                       0x08006ea7   Thumb Code     0  startup_stm32f10x_hd.o(.text)
    TIM1_TRG_COM_IRQHandler                  0x08006ea7   Thumb Code     0  startup_stm32f10x_hd.o(.text)
    TIM1_UP_IRQHandler                       0x08006ea7   Thumb Code     0  startup_stm32f10x_hd.o(.text)
    TIM3_IRQHandler                          0x08006ea7   Thumb Code     0  startup_stm32f10x_hd.o(.text)
    TIM5_IRQHandler                          0x08006ea7   Thumb Code     0  startup_stm32f10x_hd.o(.text)
    TIM6_IRQHandler                          0x08006ea7   Thumb Code     0  startup_stm32f10x_hd.o(.text)
    TIM7_IRQHandler                          0x08006ea7   Thumb Code     0  startup_stm32f10x_hd.o(.text)
    TIM8_BRK_IRQHandler                      0x08006ea7   Thumb Code     0  startup_stm32f10x_hd.o(.text)
    TIM8_CC_IRQHandler                       0x08006ea7   Thumb Code     0  startup_stm32f10x_hd.o(.text)
    TIM8_TRG_COM_IRQHandler                  0x08006ea7   Thumb Code     0  startup_stm32f10x_hd.o(.text)
    TIM8_UP_IRQHandler                       0x08006ea7   Thumb Code     0  startup_stm32f10x_hd.o(.text)
    UART4_IRQHandler                         0x08006ea7   Thumb Code     0  startup_stm32f10x_hd.o(.text)
    UART5_IRQHandler                         0x08006ea7   Thumb Code     0  startup_stm32f10x_hd.o(.text)
    USBWakeUp_IRQHandler                     0x08006ea7   Thumb Code     0  startup_stm32f10x_hd.o(.text)
    USB_HP_CAN1_TX_IRQHandler                0x08006ea7   Thumb Code     0  startup_stm32f10x_hd.o(.text)
    USB_LP_CAN1_RX0_IRQHandler               0x08006ea7   Thumb Code     0  startup_stm32f10x_hd.o(.text)
    WWDG_IRQHandler                          0x08006ea7   Thumb Code     0  startup_stm32f10x_hd.o(.text)
    __user_initial_stackheap                 0x08006ea9   Thumb Code     0  startup_stm32f10x_hd.o(.text)
    NVIC_PriorityGroupConfig                 0x08006ecd   Thumb Code    10  misc.o(.text)
    NVIC_Init                                0x08006ed7   Thumb Code   100  misc.o(.text)
    NVIC_SetVectorTable                      0x08006f3b   Thumb Code    14  misc.o(.text)
    NVIC_SystemLPConfig                      0x08006f49   Thumb Code    34  misc.o(.text)
    SysTick_CLKSourceConfig                  0x08006f6b   Thumb Code    40  misc.o(.text)
    GPIO_DeInit                              0x08006fa9   Thumb Code   172  stm32f10x_gpio.o(.text)
    GPIO_AFIODeInit                          0x08007055   Thumb Code    20  stm32f10x_gpio.o(.text)
    GPIO_Init                                0x08007069   Thumb Code   278  stm32f10x_gpio.o(.text)
    GPIO_StructInit                          0x0800717f   Thumb Code    16  stm32f10x_gpio.o(.text)
    GPIO_ReadInputDataBit                    0x0800718f   Thumb Code    18  stm32f10x_gpio.o(.text)
    GPIO_ReadInputData                       0x080071a1   Thumb Code     8  stm32f10x_gpio.o(.text)
    GPIO_ReadOutputDataBit                   0x080071a9   Thumb Code    18  stm32f10x_gpio.o(.text)
    GPIO_ReadOutputData                      0x080071bb   Thumb Code     8  stm32f10x_gpio.o(.text)
    GPIO_SetBits                             0x080071c3   Thumb Code     4  stm32f10x_gpio.o(.text)
    GPIO_ResetBits                           0x080071c7   Thumb Code     4  stm32f10x_gpio.o(.text)
    GPIO_WriteBit                            0x080071cb   Thumb Code    10  stm32f10x_gpio.o(.text)
    GPIO_Write                               0x080071d5   Thumb Code     4  stm32f10x_gpio.o(.text)
    GPIO_PinLockConfig                       0x080071d9   Thumb Code    18  stm32f10x_gpio.o(.text)
    GPIO_EventOutputConfig                   0x080071eb   Thumb Code    26  stm32f10x_gpio.o(.text)
    GPIO_EventOutputCmd                      0x08007205   Thumb Code     6  stm32f10x_gpio.o(.text)
    GPIO_PinRemapConfig                      0x0800720b   Thumb Code   138  stm32f10x_gpio.o(.text)
    GPIO_EXTILineConfig                      0x08007295   Thumb Code    66  stm32f10x_gpio.o(.text)
    GPIO_ETH_MediaInterfaceConfig            0x080072d7   Thumb Code     8  stm32f10x_gpio.o(.text)
    RCC_DeInit                               0x08007305   Thumb Code    64  stm32f10x_rcc.o(.text)
    RCC_HSEConfig                            0x08007345   Thumb Code    70  stm32f10x_rcc.o(.text)
    RCC_GetFlagStatus                        0x0800738b   Thumb Code    56  stm32f10x_rcc.o(.text)
    RCC_WaitForHSEStartUp                    0x080073c3   Thumb Code    56  stm32f10x_rcc.o(.text)
    RCC_AdjustHSICalibrationValue            0x080073fb   Thumb Code    20  stm32f10x_rcc.o(.text)
    RCC_HSICmd                               0x0800740f   Thumb Code     6  stm32f10x_rcc.o(.text)
    RCC_PLLConfig                            0x08007415   Thumb Code    24  stm32f10x_rcc.o(.text)
    RCC_PLLCmd                               0x0800742d   Thumb Code     6  stm32f10x_rcc.o(.text)
    RCC_SYSCLKConfig                         0x08007433   Thumb Code    18  stm32f10x_rcc.o(.text)
    RCC_GetSYSCLKSource                      0x08007445   Thumb Code    10  stm32f10x_rcc.o(.text)
    RCC_HCLKConfig                           0x0800744f   Thumb Code    18  stm32f10x_rcc.o(.text)
    RCC_PCLK1Config                          0x08007461   Thumb Code    18  stm32f10x_rcc.o(.text)
    RCC_PCLK2Config                          0x08007473   Thumb Code    20  stm32f10x_rcc.o(.text)
    RCC_ITConfig                             0x08007487   Thumb Code    26  stm32f10x_rcc.o(.text)
    RCC_USBCLKConfig                         0x080074a1   Thumb Code     8  stm32f10x_rcc.o(.text)
    RCC_ADCCLKConfig                         0x080074a9   Thumb Code    18  stm32f10x_rcc.o(.text)
    RCC_LSEConfig                            0x080074bb   Thumb Code    50  stm32f10x_rcc.o(.text)
    RCC_LSICmd                               0x080074ed   Thumb Code     6  stm32f10x_rcc.o(.text)
    RCC_RTCCLKConfig                         0x080074f3   Thumb Code    12  stm32f10x_rcc.o(.text)
    RCC_RTCCLKCmd                            0x080074ff   Thumb Code     8  stm32f10x_rcc.o(.text)
    RCC_GetClocksFreq                        0x08007507   Thumb Code   192  stm32f10x_rcc.o(.text)
    RCC_AHBPeriphClockCmd                    0x080075c7   Thumb Code    26  stm32f10x_rcc.o(.text)
    RCC_APB2PeriphClockCmd                   0x080075e1   Thumb Code    26  stm32f10x_rcc.o(.text)
    RCC_APB1PeriphClockCmd                   0x080075fb   Thumb Code    26  stm32f10x_rcc.o(.text)
    RCC_APB2PeriphResetCmd                   0x08007615   Thumb Code    26  stm32f10x_rcc.o(.text)
    RCC_APB1PeriphResetCmd                   0x0800762f   Thumb Code    26  stm32f10x_rcc.o(.text)
    RCC_BackupResetCmd                       0x08007649   Thumb Code     8  stm32f10x_rcc.o(.text)
    RCC_ClockSecuritySystemCmd               0x08007651   Thumb Code     6  stm32f10x_rcc.o(.text)
    RCC_MCOConfig                            0x08007657   Thumb Code     6  stm32f10x_rcc.o(.text)
    RCC_ClearFlag                            0x0800765d   Thumb Code    14  stm32f10x_rcc.o(.text)
    RCC_GetITStatus                          0x0800766b   Thumb Code    20  stm32f10x_rcc.o(.text)
    RCC_ClearITPendingBit                    0x0800767f   Thumb Code     6  stm32f10x_rcc.o(.text)
    USART_DeInit                             0x080076a9   Thumb Code   134  stm32f10x_usart.o(.text)
    USART_Init                               0x0800772f   Thumb Code   210  stm32f10x_usart.o(.text)
    USART_StructInit                         0x08007801   Thumb Code    24  stm32f10x_usart.o(.text)
    USART_ClockInit                          0x08007819   Thumb Code    34  stm32f10x_usart.o(.text)
    USART_ClockStructInit                    0x0800783b   Thumb Code    12  stm32f10x_usart.o(.text)
    USART_Cmd                                0x08007847   Thumb Code    24  stm32f10x_usart.o(.text)
    USART_ITConfig                           0x0800785f   Thumb Code    74  stm32f10x_usart.o(.text)
    USART_DMACmd                             0x080078a9   Thumb Code    18  stm32f10x_usart.o(.text)
    USART_SetAddress                         0x080078bb   Thumb Code    18  stm32f10x_usart.o(.text)
    USART_WakeUpConfig                       0x080078cd   Thumb Code    18  stm32f10x_usart.o(.text)
    USART_ReceiverWakeUpCmd                  0x080078df   Thumb Code    24  stm32f10x_usart.o(.text)
    USART_LINBreakDetectLengthConfig         0x080078f7   Thumb Code    18  stm32f10x_usart.o(.text)
    USART_LINCmd                             0x08007909   Thumb Code    24  stm32f10x_usart.o(.text)
    USART_SendData                           0x08007921   Thumb Code     8  stm32f10x_usart.o(.text)
    USART_ReceiveData                        0x08007929   Thumb Code    10  stm32f10x_usart.o(.text)
    USART_SendBreak                          0x08007933   Thumb Code    10  stm32f10x_usart.o(.text)
    USART_SetGuardTime                       0x0800793d   Thumb Code    16  stm32f10x_usart.o(.text)
    USART_SetPrescaler                       0x0800794d   Thumb Code    16  stm32f10x_usart.o(.text)
    USART_SmartCardCmd                       0x0800795d   Thumb Code    24  stm32f10x_usart.o(.text)
    USART_SmartCardNACKCmd                   0x08007975   Thumb Code    24  stm32f10x_usart.o(.text)
    USART_HalfDuplexCmd                      0x0800798d   Thumb Code    24  stm32f10x_usart.o(.text)
    USART_OverSampling8Cmd                   0x080079a5   Thumb Code    22  stm32f10x_usart.o(.text)
    USART_OneBitMethodCmd                    0x080079bb   Thumb Code    24  stm32f10x_usart.o(.text)
    USART_IrDAConfig                         0x080079d3   Thumb Code    18  stm32f10x_usart.o(.text)
    USART_IrDACmd                            0x080079e5   Thumb Code    24  stm32f10x_usart.o(.text)
    USART_GetFlagStatus                      0x080079fd   Thumb Code    26  stm32f10x_usart.o(.text)
    USART_ClearFlag                          0x08007a17   Thumb Code    18  stm32f10x_usart.o(.text)
    USART_GetITStatus                        0x08007a29   Thumb Code    84  stm32f10x_usart.o(.text)
    USART_ClearITPendingBit                  0x08007a7d   Thumb Code    52  stm32f10x_usart.o(.text)
    IWDG_WriteAccessCmd                      0x08007ab1   Thumb Code     6  stm32f10x_iwdg.o(.text)
    IWDG_SetPrescaler                        0x08007ab7   Thumb Code     6  stm32f10x_iwdg.o(.text)
    IWDG_SetReload                           0x08007abd   Thumb Code     6  stm32f10x_iwdg.o(.text)
    IWDG_ReloadCounter                       0x08007ac3   Thumb Code    10  stm32f10x_iwdg.o(.text)
    IWDG_Enable                              0x08007acd   Thumb Code    10  stm32f10x_iwdg.o(.text)
    IWDG_GetFlagStatus                       0x08007ad7   Thumb Code    20  stm32f10x_iwdg.o(.text)
    FLASH_SetLatency                         0x08007af1   Thumb Code    18  stm32f10x_flash.o(.text)
    FLASH_HalfCycleAccessCmd                 0x08007b03   Thumb Code    22  stm32f10x_flash.o(.text)
    FLASH_PrefetchBufferCmd                  0x08007b19   Thumb Code    22  stm32f10x_flash.o(.text)
    FLASH_Unlock                             0x08007b2f   Thumb Code    12  stm32f10x_flash.o(.text)
    FLASH_UnlockBank1                        0x08007b3b   Thumb Code    12  stm32f10x_flash.o(.text)
    FLASH_Lock                               0x08007b47   Thumb Code    14  stm32f10x_flash.o(.text)
    FLASH_LockBank1                          0x08007b55   Thumb Code    14  stm32f10x_flash.o(.text)
    FLASH_GetBank1Status                     0x08007b63   Thumb Code    48  stm32f10x_flash.o(.text)
    FLASH_WaitForLastOperation               0x08007b93   Thumb Code    38  stm32f10x_flash.o(.text)
    FLASH_ErasePage                          0x08007bb9   Thumb Code    72  stm32f10x_flash.o(.text)
    FLASH_EraseAllPages                      0x08007c01   Thumb Code    68  stm32f10x_flash.o(.text)
    FLASH_WaitForLastBank1Operation          0x08007c45   Thumb Code    38  stm32f10x_flash.o(.text)
    FLASH_EraseAllBank1Pages                 0x08007c6b   Thumb Code    68  stm32f10x_flash.o(.text)
    FLASH_GetReadOutProtectionStatus         0x08007caf   Thumb Code    20  stm32f10x_flash.o(.text)
    FLASH_EraseOptionBytes                   0x08007cc3   Thumb Code   150  stm32f10x_flash.o(.text)
    FLASH_ProgramWord                        0x08007d59   Thumb Code   102  stm32f10x_flash.o(.text)
    FLASH_ProgramHalfWord                    0x08007dbf   Thumb Code    60  stm32f10x_flash.o(.text)
    FLASH_ProgramOptionByteData              0x08007dfb   Thumb Code    72  stm32f10x_flash.o(.text)
    FLASH_EnableWriteProtection              0x08007e43   Thumb Code   200  stm32f10x_flash.o(.text)
    FLASH_ReadOutProtection                  0x08007f0b   Thumb Code   156  stm32f10x_flash.o(.text)
    FLASH_UserOptionByteConfig               0x08007fa7   Thumb Code    88  stm32f10x_flash.o(.text)
    FLASH_GetUserOptionByte                  0x08007fff   Thumb Code     8  stm32f10x_flash.o(.text)
    FLASH_GetWriteProtectionOptionByte       0x08008007   Thumb Code     6  stm32f10x_flash.o(.text)
    FLASH_GetPrefetchBufferStatus            0x0800800d   Thumb Code    20  stm32f10x_flash.o(.text)
    FLASH_ITConfig                           0x08008021   Thumb Code    26  stm32f10x_flash.o(.text)
    FLASH_GetFlagStatus                      0x0800803b   Thumb Code    42  stm32f10x_flash.o(.text)
    FLASH_ClearFlag                          0x08008065   Thumb Code     6  stm32f10x_flash.o(.text)
    FLASH_GetStatus                          0x0800806b   Thumb Code    48  stm32f10x_flash.o(.text)
    vsprintf                                 0x080080ad   Thumb Code    32  vsprintf.o(.text)
    strstr                                   0x080080d1   Thumb Code    36  strstr.o(.text)
    strlen                                   0x080080f5   Thumb Code    62  strlen.o(.text)
    __aeabi_memcpy4                          0x08008133   Thumb Code     0  rt_memcpy_w.o(.text)
    __aeabi_memcpy8                          0x08008133   Thumb Code     0  rt_memcpy_w.o(.text)
    __rt_memcpy_w                            0x08008133   Thumb Code   100  rt_memcpy_w.o(.text)
    _memcpy_lastbytes_aligned                0x0800817b   Thumb Code     0  rt_memcpy_w.o(.text)
    __aeabi_memclr4                          0x08008197   Thumb Code     0  rt_memclr_w.o(.text)
    __aeabi_memclr8                          0x08008197   Thumb Code     0  rt_memclr_w.o(.text)
    __rt_memclr_w                            0x08008197   Thumb Code    78  rt_memclr_w.o(.text)
    _memset_w                                0x0800819b   Thumb Code     0  rt_memclr_w.o(.text)
    __use_two_region_memory                  0x080081e5   Thumb Code     2  heapauxi.o(.text)
    __rt_heap_escrow$2region                 0x080081e7   Thumb Code     2  heapauxi.o(.text)
    __rt_heap_expand$2region                 0x080081e9   Thumb Code     2  heapauxi.o(.text)
    _printf_pre_padding                      0x080081eb   Thumb Code    44  _printf_pad.o(.text)
    _printf_post_padding                     0x08008217   Thumb Code    34  _printf_pad.o(.text)
    _printf_truncate_signed                  0x08008239   Thumb Code    18  _printf_truncate.o(.text)
    _printf_truncate_unsigned                0x0800824b   Thumb Code    18  _printf_truncate.o(.text)
    _printf_str                              0x0800825d   Thumb Code    82  _printf_str.o(.text)
    _printf_int_dec                          0x080082b1   Thumb Code   104  _printf_dec.o(.text)
    _printf_charcount                        0x08008329   Thumb Code    40  _printf_charcount.o(.text)
    _printf_char_common                      0x0800835b   Thumb Code    32  _printf_char_common.o(.text)
    _sputc                                   0x08008381   Thumb Code    10  _sputc.o(.text)
    _printf_wctomb                           0x0800838d   Thumb Code   182  _printf_wctomb.o(.text)
    _printf_longlong_dec                     0x08008449   Thumb Code   108  _printf_longlong_dec.o(.text)
    _printf_longlong_oct                     0x080084c5   Thumb Code    66  _printf_oct_int_ll.o(.text)
    _printf_int_oct                          0x08008507   Thumb Code    24  _printf_oct_int_ll.o(.text)
    _printf_ll_oct                           0x0800851f   Thumb Code    12  _printf_oct_int_ll.o(.text)
    _printf_longlong_hex                     0x08008535   Thumb Code    86  _printf_hex_int_ll_ptr.o(.text)
    _printf_int_hex                          0x0800858b   Thumb Code    28  _printf_hex_int_ll_ptr.o(.text)
    _printf_ll_hex                           0x080085a7   Thumb Code    12  _printf_hex_int_ll_ptr.o(.text)
    _printf_hex_ptr                          0x080085b3   Thumb Code    18  _printf_hex_int_ll_ptr.o(.text)
    __printf                                 0x080085c9   Thumb Code   388  __printf_flags_ss_wp.o(.text)
    _ll_udiv10                               0x08008751   Thumb Code   138  lludiv10.o(.text)
    _printf_int_common                       0x080087db   Thumb Code   178  _printf_intcommon.o(.text)
    __lib_sel_fp_printf                      0x0800888d   Thumb Code     2  _printf_fp_dec.o(.text)
    _printf_fp_dec_real                      0x08008a3b   Thumb Code   620  _printf_fp_dec.o(.text)
    _printf_fp_hex_real                      0x08008ca9   Thumb Code   756  _printf_fp_hex.o(.text)
    _printf_cs_common                        0x08008fa5   Thumb Code    20  _printf_char.o(.text)
    _printf_char                             0x08008fb9   Thumb Code    16  _printf_char.o(.text)
    _printf_string                           0x08008fc9   Thumb Code     8  _printf_char.o(.text)
    _printf_lcs_common                       0x08008fd1   Thumb Code    20  _printf_wchar.o(.text)
    _printf_wchar                            0x08008fe5   Thumb Code    16  _printf_wchar.o(.text)
    _printf_wstring                          0x08008ff5   Thumb Code     8  _printf_wchar.o(.text)
    _wcrtomb                                 0x08008ffd   Thumb Code    64  _wcrtomb.o(.text)
    __user_setup_stackheap                   0x0800903d   Thumb Code    74  sys_stackheap_outer.o(.text)
    __rt_ctype_table                         0x08009089   Thumb Code    16  rt_ctype_table.o(.text)
    __rt_locale                              0x08009099   Thumb Code     8  rt_locale_intlibspace.o(.text)
    _printf_fp_infnan                        0x080090a1   Thumb Code   112  _printf_fp_infnan.o(.text)
    _btod_etento                             0x08009121   Thumb Code   216  bigflt0.o(.text)
    exit                                     0x080091fd   Thumb Code    18  exit.o(.text)
    __user_libspace                          0x08009211   Thumb Code     8  libspace.o(.text)
    __user_perproc_libspace                  0x08009211   Thumb Code     0  libspace.o(.text)
    __user_perthread_libspace                0x08009211   Thumb Code     0  libspace.o(.text)
    strcmp                                   0x08009219   Thumb Code   128  strcmpv7m.o(.text)
    _sys_exit                                0x08009299   Thumb Code     8  sys_exit.o(.text)
    __I$use$semihosting                      0x080092a5   Thumb Code     0  use_no_semi.o(.text)
    __use_no_semihosting_swi                 0x080092a5   Thumb Code     2  use_no_semi.o(.text)
    __semihosting_library_function           0x080092a7   Thumb Code     0  indicate_semi.o(.text)
    _btod_d2e                                0x080092a7   Thumb Code    62  btod.o(CL$$btod_d2e)
    _d2e_denorm_low                          0x080092e5   Thumb Code    70  btod.o(CL$$btod_d2e_denorm_low)
    _d2e_norm_op1                            0x0800932b   Thumb Code    96  btod.o(CL$$btod_d2e_norm_op1)
    __btod_div_common                        0x0800938b   Thumb Code   696  btod.o(CL$$btod_div_common)
    _e2e                                     0x080096c3   Thumb Code   198  btod.o(CL$$btod_e2e)
    _btod_ediv                               0x08009789   Thumb Code    40  btod.o(CL$$btod_ediv)
    _btod_emul                               0x080097b1   Thumb Code    40  btod.o(CL$$btod_emul)
    __btod_mult_common                       0x080097d9   Thumb Code   580  btod.o(CL$$btod_mult_common)
    __ARM_fpclassify                         0x08009a1d   Thumb Code    40  fpclassify.o(i.__ARM_fpclassify)
    _is_digit                                0x08009a45   Thumb Code    14  __printf_wp.o(i._is_digit)
    _get_lc_numeric                          0x08009a55   Thumb Code    44  lc_numeric_c.o(locale$$code)
    _get_lc_ctype                            0x08009a81   Thumb Code    44  lc_ctype_c.o(locale$$code)
    _printf_fp_dec                           0x08009aad   Thumb Code     4  printf1.o(x$fpl$printf1)
    _printf_fp_hex                           0x08009ab1   Thumb Code     4  printf2.o(x$fpl$printf2)
    __I$use$fp                               0x08009ab4   Number         0  usenofp.o(x$fpl$usenofp)
    Region$$Table$$Base                      0x08009bb0   Number         0  anon$$obj.o(Region$$Table)
    Region$$Table$$Limit                     0x08009bd0   Number         0  anon$$obj.o(Region$$Table)
    __ctype                                  0x08009bf9   Data           0  lc_ctype_c.o(locale$$data)
    mSysIWDGDog                              0x20000000   Data           1  main.o(.data)
    mSysSoftDog                              0x20000004   Data           4  main.o(.data)
    mSysTick                                 0x20000008   Data           2  main.o(.data)
    mSysSec                                  0x2000000a   Data           2  main.o(.data)
    mTimeRFRX                                0x2000000c   Data           2  main.o(.data)
    SystemCoreClock                          0x20000010   Data           4  system_stm32f10x.o(.data)
    AHBPrescTable                            0x20000014   Data          16  system_stm32f10x.o(.data)
    AS608Addr                                0x20000024   Data           4  as608.o(.data)
    FPM10A_Get_Device                        0x20000028   Data          10  as608.o(.data)
    FPM10A_Pack_Head                         0x20000032   Data           6  as608.o(.data)
    FPM10A_Get_Img                           0x20000038   Data           6  as608.o(.data)
    FPM10A_Get_Templete_Count                0x2000003e   Data           6  as608.o(.data)
    FPM10A_Search                            0x20000044   Data          11  as608.o(.data)
    FPM10A_Search_0_9                        0x2000004f   Data          11  as608.o(.data)
    FPM10A_Img_To_Buffer1                    0x2000005a   Data           7  as608.o(.data)
    FPM10A_Img_To_Buffer2                    0x20000061   Data           7  as608.o(.data)
    FPM10A_Reg_Model                         0x20000068   Data           6  as608.o(.data)
    FPM10A_Delete_All_Model                  0x2000006e   Data           6  as608.o(.data)
    FPM10A_Save_Finger                       0x20000074   Data           9  as608.o(.data)
    USART2_RX_STA                            0x2000007e   Data           2  usart2.o(.data)
    BMP_SanFeng                              0x20000080   Data        1024  syscomment.o(.data)
    BMP_clock                                0x20000480   Data         192  syscomment.o(.data)
    BMP_FwdRev                               0x20000540   Data         192  syscomment.o(.data)
    BMP_Main                                 0x20000600   Data        1024  syscomment.o(.data)
    BMP_FourClock                            0x20000a00   Data         512  syscomment.o(.data)
    BMP_Init                                 0x20000c00   Data        1024  syscomment.o(.data)
    BMP_Select                               0x20001000   Data           8  syscomment.o(.data)
    BMP_fill                                 0x20001008   Data         128  syscomment.o(.data)
    g_GlassSendAddr                          0x2000108a   Data           1  syscomment.o(.data)
    g_FingerAck                              0x2000108b   Data           1  syscomment.o(.data)
    g_au32DataSaveAddr                       0x2000108c   Data          24  syscomment.o(.data)
    g_au16MoteTime                           0x200010a4   Data          72  syscomment.o(.data)
    USART1_RX_STA                            0x20001102   Data           2  usart1.o(.data)
    USART3_RX_STA                            0x20001104   Data           2  usart3.o(.data)
    SysTask                                  0x20001120   Data         644  main.o(.bss)
    USART2_RX_BUF                            0x200013a4   Data         400  usart2.o(.bss)
    USART2_TX_BUF                            0x20001534   Data         400  usart2.o(.bss)
    USART1_RX_BUF                            0x200016c4   Data         400  usart1.o(.bss)
    USART1_TX_BUF                            0x20001854   Data         400  usart1.o(.bss)
    USART3_RX_BUF                            0x200019e4   Data         400  usart3.o(.bss)
    USART3_TX_BUF                            0x20001b74   Data         400  usart3.o(.bss)
    __libspace_start                         0x20001d04   Data          96  libspace.o(.bss)
    __temporary_stack_top$libspace           0x20001d64   Data           0  libspace.o(.bss)



==============================================================================

Memory Map of the image

  Image Entry point : 0x08000131

  Load Region LR_IROM1 (Base: 0x08000000, Size: 0x0000ae1c, Max: 0x00010000, ABSOLUTE, COMPRESSED[0x0000a144])

    Execution Region ER_IROM1 (Base: 0x08000000, Size: 0x00009cfc, Max: 0x00010000, ABSOLUTE)

    Base Addr    Size         Type   Attr      Idx    E Section Name        Object

    0x08000000   0x00000130   Data   RO          375    RESET               startup_stm32f10x_hd.o
    0x08000130   0x00000008   Code   RO          468  * !!!main             c_w.l(__main.o)
    0x08000138   0x00000034   Code   RO          791    !!!scatter          c_w.l(__scatter.o)
    0x0800016c   0x00000064   Code   RO          789    !!dclz77c           c_w.l(__dclz77c.o)
    0x080001d0   0x0000001c   Code   RO          793    !!handler_zi        c_w.l(__scatter_zi.o)
    0x080001ec   0x00000000   Code   RO          552    .ARM.Collect$$_printf_percent$$00000000  c_w.l(_printf_percent.o)
    0x080001ec   0x00000006   Code   RO          541    .ARM.Collect$$_printf_percent$$00000001  c_w.l(_printf_n.o)
    0x080001f2   0x00000006   Code   RO          543    .ARM.Collect$$_printf_percent$$00000002  c_w.l(_printf_p.o)
    0x080001f8   0x00000006   Code   RO          548    .ARM.Collect$$_printf_percent$$00000003  c_w.l(_printf_f.o)
    0x080001fe   0x00000006   Code   RO          549    .ARM.Collect$$_printf_percent$$00000004  c_w.l(_printf_e.o)
    0x08000204   0x00000006   Code   RO          550    .ARM.Collect$$_printf_percent$$00000005  c_w.l(_printf_g.o)
    0x0800020a   0x00000006   Code   RO          551    .ARM.Collect$$_printf_percent$$00000006  c_w.l(_printf_a.o)
    0x08000210   0x0000000a   Code   RO          556    .ARM.Collect$$_printf_percent$$00000007  c_w.l(_printf_ll.o)
    0x0800021a   0x00000006   Code   RO          545    .ARM.Collect$$_printf_percent$$00000008  c_w.l(_printf_i.o)
    0x08000220   0x00000006   Code   RO          546    .ARM.Collect$$_printf_percent$$00000009  c_w.l(_printf_d.o)
    0x08000226   0x00000006   Code   RO          547    .ARM.Collect$$_printf_percent$$0000000A  c_w.l(_printf_u.o)
    0x0800022c   0x00000006   Code   RO          544    .ARM.Collect$$_printf_percent$$0000000B  c_w.l(_printf_o.o)
    0x08000232   0x00000006   Code   RO          542    .ARM.Collect$$_printf_percent$$0000000C  c_w.l(_printf_x.o)
    0x08000238   0x00000006   Code   RO          553    .ARM.Collect$$_printf_percent$$0000000D  c_w.l(_printf_lli.o)
    0x0800023e   0x00000006   Code   RO          554    .ARM.Collect$$_printf_percent$$0000000E  c_w.l(_printf_lld.o)
    0x08000244   0x00000006   Code   RO          555    .ARM.Collect$$_printf_percent$$0000000F  c_w.l(_printf_llu.o)
    0x0800024a   0x00000006   Code   RO          560    .ARM.Collect$$_printf_percent$$00000010  c_w.l(_printf_llo.o)
    0x08000250   0x00000006   Code   RO          561    .ARM.Collect$$_printf_percent$$00000011  c_w.l(_printf_llx.o)
    0x08000256   0x0000000a   Code   RO          557    .ARM.Collect$$_printf_percent$$00000012  c_w.l(_printf_l.o)
    0x08000260   0x00000006   Code   RO          539    .ARM.Collect$$_printf_percent$$00000013  c_w.l(_printf_c.o)
    0x08000266   0x00000006   Code   RO          540    .ARM.Collect$$_printf_percent$$00000014  c_w.l(_printf_s.o)
    0x0800026c   0x00000006   Code   RO          558    .ARM.Collect$$_printf_percent$$00000015  c_w.l(_printf_lc.o)
    0x08000272   0x00000006   Code   RO          559    .ARM.Collect$$_printf_percent$$00000016  c_w.l(_printf_ls.o)
    0x08000278   0x00000004   Code   RO          600    .ARM.Collect$$_printf_percent$$00000017  c_w.l(_printf_percent_end.o)
    0x0800027c   0x00000002   Code   RO          649    .ARM.Collect$$libinit$$00000000  c_w.l(libinit.o)
    0x0800027e   0x00000000   Code   RO          666    .ARM.Collect$$libinit$$00000002  c_w.l(libinit2.o)
    0x0800027e   0x00000000   Code   RO          668    .ARM.Collect$$libinit$$00000004  c_w.l(libinit2.o)
    0x0800027e   0x00000000   Code   RO          671    .ARM.Collect$$libinit$$0000000A  c_w.l(libinit2.o)
    0x0800027e   0x00000000   Code   RO          673    .ARM.Collect$$libinit$$0000000C  c_w.l(libinit2.o)
    0x0800027e   0x00000000   Code   RO          675    .ARM.Collect$$libinit$$0000000E  c_w.l(libinit2.o)
    0x0800027e   0x00000006   Code   RO          676    .ARM.Collect$$libinit$$0000000F  c_w.l(libinit2.o)
    0x08000284   0x00000000   Code   RO          678    .ARM.Collect$$libinit$$00000011  c_w.l(libinit2.o)
    0x08000284   0x0000000c   Code   RO          679    .ARM.Collect$$libinit$$00000012  c_w.l(libinit2.o)
    0x08000290   0x00000000   Code   RO          680    .ARM.Collect$$libinit$$00000013  c_w.l(libinit2.o)
    0x08000290   0x00000000   Code   RO          682    .ARM.Collect$$libinit$$00000015  c_w.l(libinit2.o)
    0x08000290   0x0000000a   Code   RO          683    .ARM.Collect$$libinit$$00000016  c_w.l(libinit2.o)
    0x0800029a   0x00000000   Code   RO          684    .ARM.Collect$$libinit$$00000017  c_w.l(libinit2.o)
    0x0800029a   0x00000000   Code   RO          686    .ARM.Collect$$libinit$$00000019  c_w.l(libinit2.o)
    0x0800029a   0x00000000   Code   RO          688    .ARM.Collect$$libinit$$0000001B  c_w.l(libinit2.o)
    0x0800029a   0x00000000   Code   RO          690    .ARM.Collect$$libinit$$0000001D  c_w.l(libinit2.o)
    0x0800029a   0x00000000   Code   RO          692    .ARM.Collect$$libinit$$0000001F  c_w.l(libinit2.o)
    0x0800029a   0x00000000   Code   RO          694    .ARM.Collect$$libinit$$00000021  c_w.l(libinit2.o)
    0x0800029a   0x00000000   Code   RO          696    .ARM.Collect$$libinit$$00000023  c_w.l(libinit2.o)
    0x0800029a   0x00000000   Code   RO          698    .ARM.Collect$$libinit$$00000025  c_w.l(libinit2.o)
    0x0800029a   0x00000000   Code   RO          702    .ARM.Collect$$libinit$$0000002C  c_w.l(libinit2.o)
    0x0800029a   0x00000000   Code   RO          704    .ARM.Collect$$libinit$$0000002E  c_w.l(libinit2.o)
    0x0800029a   0x00000000   Code   RO          706    .ARM.Collect$$libinit$$00000030  c_w.l(libinit2.o)
    0x0800029a   0x00000000   Code   RO          708    .ARM.Collect$$libinit$$00000032  c_w.l(libinit2.o)
    0x0800029a   0x00000002   Code   RO          709    .ARM.Collect$$libinit$$00000033  c_w.l(libinit2.o)
    0x0800029c   0x00000002   Code   RO          729    .ARM.Collect$$libshutdown$$00000000  c_w.l(libshutdown.o)
    0x0800029e   0x00000000   Code   RO          742    .ARM.Collect$$libshutdown$$00000002  c_w.l(libshutdown2.o)
    0x0800029e   0x00000000   Code   RO          744    .ARM.Collect$$libshutdown$$00000004  c_w.l(libshutdown2.o)
    0x0800029e   0x00000000   Code   RO          747    .ARM.Collect$$libshutdown$$00000007  c_w.l(libshutdown2.o)
    0x0800029e   0x00000000   Code   RO          750    .ARM.Collect$$libshutdown$$0000000A  c_w.l(libshutdown2.o)
    0x0800029e   0x00000000   Code   RO          752    .ARM.Collect$$libshutdown$$0000000C  c_w.l(libshutdown2.o)
    0x0800029e   0x00000000   Code   RO          755    .ARM.Collect$$libshutdown$$0000000F  c_w.l(libshutdown2.o)
    0x0800029e   0x00000002   Code   RO          756    .ARM.Collect$$libshutdown$$00000010  c_w.l(libshutdown2.o)
    0x080002a0   0x00000000   Code   RO          470    .ARM.Collect$$rtentry$$00000000  c_w.l(__rtentry.o)
    0x080002a0   0x00000000   Code   RO          571    .ARM.Collect$$rtentry$$00000002  c_w.l(__rtentry2.o)
    0x080002a0   0x00000006   Code   RO          583    .ARM.Collect$$rtentry$$00000004  c_w.l(__rtentry4.o)
    0x080002a6   0x00000000   Code   RO          573    .ARM.Collect$$rtentry$$00000009  c_w.l(__rtentry2.o)
    0x080002a6   0x00000004   Code   RO          574    .ARM.Collect$$rtentry$$0000000A  c_w.l(__rtentry2.o)
    0x080002aa   0x00000000   Code   RO          576    .ARM.Collect$$rtentry$$0000000C  c_w.l(__rtentry2.o)
    0x080002aa   0x00000008   Code   RO          577    .ARM.Collect$$rtentry$$0000000D  c_w.l(__rtentry2.o)
    0x080002b2   0x00000002   Code   RO          658    .ARM.Collect$$rtexit$$00000000  c_w.l(rtexit.o)
    0x080002b4   0x00000000   Code   RO          711    .ARM.Collect$$rtexit$$00000002  c_w.l(rtexit2.o)
    0x080002b4   0x00000004   Code   RO          712    .ARM.Collect$$rtexit$$00000003  c_w.l(rtexit2.o)
    0x080002b8   0x00000006   Code   RO          713    .ARM.Collect$$rtexit$$00000004  c_w.l(rtexit2.o)
    0x080002be   0x00000002   PAD
    0x080002c0   0x000001c4   Code   RO            1    .text               main.o
    0x08000484   0x00000018   Code   RO           89    .text               stm32f10x_it.o
    0x0800049c   0x000001e0   Code   RO          124    .text               system_stm32f10x.o
    0x0800067c   0x000009a4   Code   RO          142    .text               as608.o
    0x08001020   0x00000134   Code   RO          167    .text               timer.o
    0x08001154   0x00000198   Code   RO          184    .text               usart2.o
    0x080012ec   0x000048f4   Code   RO          213    .text               syscomment.o
    0x08005be0   0x000000b0   Code   RO          244    .text               san_flash.o
    0x08005c90   0x00000184   Code   RO          259    .text               usart1.o
    0x08005e14   0x0000017c   Code   RO          278    .text               usart3.o
    0x08005f90   0x000000d4   Code   RO          312    .text               delay.o
    0x08006064   0x0000000c   Code   RO          326    .text               sys.o
    0x08006070   0x00000e1a   Code   RO          338    .text               stm32f10x_tim.o
    0x08006e8a   0x00000002   PAD
    0x08006e8c   0x00000040   Code   RO          376    .text               startup_stm32f10x_hd.o
    0x08006ecc   0x000000dc   Code   RO          380    .text               misc.o
    0x08006fa8   0x0000035c   Code   RO          392    .text               stm32f10x_gpio.o
    0x08007304   0x000003a4   Code   RO          404    .text               stm32f10x_rcc.o
    0x080076a8   0x00000408   Code   RO          418    .text               stm32f10x_usart.o
    0x08007ab0   0x00000040   Code   RO          430    .text               stm32f10x_iwdg.o
    0x08007af0   0x000005bc   Code   RO          442    .text               stm32f10x_flash.o
    0x080080ac   0x00000024   Code   RO          456    .text               c_w.l(vsprintf.o)
    0x080080d0   0x00000024   Code   RO          458    .text               c_w.l(strstr.o)
    0x080080f4   0x0000003e   Code   RO          460    .text               c_w.l(strlen.o)
    0x08008132   0x00000064   Code   RO          462    .text               c_w.l(rt_memcpy_w.o)
    0x08008196   0x0000004e   Code   RO          464    .text               c_w.l(rt_memclr_w.o)
    0x080081e4   0x00000006   Code   RO          466    .text               c_w.l(heapauxi.o)
    0x080081ea   0x0000004e   Code   RO          473    .text               c_w.l(_printf_pad.o)
    0x08008238   0x00000024   Code   RO          475    .text               c_w.l(_printf_truncate.o)
    0x0800825c   0x00000052   Code   RO          477    .text               c_w.l(_printf_str.o)
    0x080082ae   0x00000002   PAD
    0x080082b0   0x00000078   Code   RO          479    .text               c_w.l(_printf_dec.o)
    0x08008328   0x00000028   Code   RO          481    .text               c_w.l(_printf_charcount.o)
    0x08008350   0x00000030   Code   RO          483    .text               c_w.l(_printf_char_common.o)
    0x08008380   0x0000000a   Code   RO          485    .text               c_w.l(_sputc.o)
    0x0800838a   0x00000002   PAD
    0x0800838c   0x000000bc   Code   RO          487    .text               c_w.l(_printf_wctomb.o)
    0x08008448   0x0000007c   Code   RO          490    .text               c_w.l(_printf_longlong_dec.o)
    0x080084c4   0x00000070   Code   RO          496    .text               c_w.l(_printf_oct_int_ll.o)
    0x08008534   0x00000094   Code   RO          516    .text               c_w.l(_printf_hex_int_ll_ptr.o)
    0x080085c8   0x00000188   Code   RO          536    .text               c_w.l(__printf_flags_ss_wp.o)
    0x08008750   0x0000008a   Code   RO          585    .text               c_w.l(lludiv10.o)
    0x080087da   0x000000b2   Code   RO          587    .text               c_w.l(_printf_intcommon.o)
    0x0800888c   0x0000041a   Code   RO          589    .text               c_w.l(_printf_fp_dec.o)
    0x08008ca6   0x00000002   PAD
    0x08008ca8   0x000002fc   Code   RO          591    .text               c_w.l(_printf_fp_hex.o)
    0x08008fa4   0x0000002c   Code   RO          596    .text               c_w.l(_printf_char.o)
    0x08008fd0   0x0000002c   Code   RO          598    .text               c_w.l(_printf_wchar.o)
    0x08008ffc   0x00000040   Code   RO          601    .text               c_w.l(_wcrtomb.o)
    0x0800903c   0x0000004a   Code   RO          603    .text               c_w.l(sys_stackheap_outer.o)
    0x08009086   0x00000002   PAD
    0x08009088   0x00000010   Code   RO          605    .text               c_w.l(rt_ctype_table.o)
    0x08009098   0x00000008   Code   RO          610    .text               c_w.l(rt_locale_intlibspace.o)
    0x080090a0   0x00000080   Code   RO          612    .text               c_w.l(_printf_fp_infnan.o)
    0x08009120   0x000000dc   Code   RO          614    .text               c_w.l(bigflt0.o)
    0x080091fc   0x00000012   Code   RO          642    .text               c_w.l(exit.o)
    0x0800920e   0x00000002   PAD
    0x08009210   0x00000008   Code   RO          655    .text               c_w.l(libspace.o)
    0x08009218   0x00000080   Code   RO          663    .text               c_w.l(strcmpv7m.o)
    0x08009298   0x0000000c   Code   RO          721    .text               c_w.l(sys_exit.o)
    0x080092a4   0x00000002   Code   RO          732    .text               c_w.l(use_no_semi.o)
    0x080092a6   0x00000000   Code   RO          734    .text               c_w.l(indicate_semi.o)
    0x080092a6   0x0000003e   Code   RO          617    CL$$btod_d2e        c_w.l(btod.o)
    0x080092e4   0x00000046   Code   RO          619    CL$$btod_d2e_denorm_low  c_w.l(btod.o)
    0x0800932a   0x00000060   Code   RO          618    CL$$btod_d2e_norm_op1  c_w.l(btod.o)
    0x0800938a   0x00000338   Code   RO          627    CL$$btod_div_common  c_w.l(btod.o)
    0x080096c2   0x000000c6   Code   RO          624    CL$$btod_e2e        c_w.l(btod.o)
    0x08009788   0x00000028   Code   RO          621    CL$$btod_ediv       c_w.l(btod.o)
    0x080097b0   0x00000028   Code   RO          620    CL$$btod_emul       c_w.l(btod.o)
    0x080097d8   0x00000244   Code   RO          626    CL$$btod_mult_common  c_w.l(btod.o)
    0x08009a1c   0x00000028   Code   RO          653    i.__ARM_fpclassify  m_ws.l(fpclassify.o)
    0x08009a44   0x0000000e   Code   RO          529    i._is_digit         c_w.l(__printf_wp.o)
    0x08009a52   0x00000002   PAD
    0x08009a54   0x0000002c   Code   RO          640    locale$$code        c_w.l(lc_numeric_c.o)
    0x08009a80   0x0000002c   Code   RO          661    locale$$code        c_w.l(lc_ctype_c.o)
    0x08009aac   0x00000004   Code   RO          562    x$fpl$printf1       fz_ws.l(printf1.o)
    0x08009ab0   0x00000004   Code   RO          564    x$fpl$printf2       fz_ws.l(printf2.o)
    0x08009ab4   0x00000000   Code   RO          652    x$fpl$usenofp       fz_ws.l(usenofp.o)
    0x08009ab4   0x00000008   Data   RO          488    .constdata          c_w.l(_printf_wctomb.o)
    0x08009abc   0x00000028   Data   RO          517    .constdata          c_w.l(_printf_hex_int_ll_ptr.o)
    0x08009ae4   0x00000011   Data   RO          537    .constdata          c_w.l(__printf_flags_ss_wp.o)
    0x08009af5   0x00000026   Data   RO          592    .constdata          c_w.l(_printf_fp_hex.o)
    0x08009b1b   0x00000001   PAD
    0x08009b1c   0x00000094   Data   RO          615    .constdata          c_w.l(bigflt0.o)
    0x08009bb0   0x00000020   Data   RO          787    Region$$Table       anon$$obj.o
    0x08009bd0   0x0000001c   Data   RO          639    locale$$data        c_w.l(lc_numeric_c.o)
    0x08009bec   0x00000110   Data   RO          660    locale$$data        c_w.l(lc_ctype_c.o)


    Execution Region RW_IRAM1 (Base: 0x20000000, Size: 0x00002368, Max: 0x00005000, ABSOLUTE, COMPRESSED[0x00000448])

    Base Addr    Size         Type   Attr      Idx    E Section Name        Object

    0x20000000   0x00000010   Data   RW            3    .data               main.o
    0x20000010   0x00000014   Data   RW          125    .data               system_stm32f10x.o
    0x20000024   0x00000059   Data   RW          143    .data               as608.o
    0x2000007d   0x00000001   PAD
    0x2000007e   0x00000002   Data   RW          186    .data               usart2.o
    0x20000080   0x00001081   Data   RW          214    .data               syscomment.o
    0x20001101   0x00000001   PAD
    0x20001102   0x00000002   Data   RW          261    .data               usart1.o
    0x20001104   0x00000002   Data   RW          280    .data               usart3.o
    0x20001106   0x00000004   Data   RW          313    .data               delay.o
    0x2000110a   0x00000014   Data   RW          405    .data               stm32f10x_rcc.o
    0x2000111e   0x00000002   PAD
    0x20001120   0x00000284   Zero   RW            2    .bss                main.o
    0x200013a4   0x00000320   Zero   RW          185    .bss                usart2.o
    0x200016c4   0x00000320   Zero   RW          260    .bss                usart1.o
    0x200019e4   0x00000320   Zero   RW          279    .bss                usart3.o
    0x20001d04   0x00000060   Zero   RW          656    .bss                c_w.l(libspace.o)
    0x20001d64   0x00000004   PAD
    0x20001d68   0x00000200   Zero   RW          374    HEAP                startup_stm32f10x_hd.o
    0x20001f68   0x00000400   Zero   RW          373    STACK               startup_stm32f10x_hd.o


==============================================================================

Image component sizes


      Code (inc. data)   RO Data    RW Data    ZI Data      Debug   Object Name

      2468        556          0         89          0       9318   as608.o
         0          0          0          0          0         32   core_cm3.o
       212         18          0          4          0       1031   delay.o
       452         28          0         16        644     259904   main.o
       220         22          0          0          0       1793   misc.o
       176          4          0          0          0       8479   san_flash.o
        64         26        304          0       1536        800   startup_stm32f10x_hd.o
      1468         34          0          0          0       8202   stm32f10x_flash.o
       860         38          0          0          0       5729   stm32f10x_gpio.o
        24          0          0          0          0       1086   stm32f10x_it.o
        64          6          0          0          0       1277   stm32f10x_iwdg.o
       932         36          0         20          0       8908   stm32f10x_rcc.o
      3610         88          0          0          0      22836   stm32f10x_tim.o
      1032         22          0          0          0       8452   stm32f10x_usart.o
        12          0          0          0          0        449   sys.o
     18676        664          0       4225          0      36126   syscomment.o
       480         38          0         20          0       1731   system_stm32f10x.o
       308         18          0          0          0       7828   timer.o
       388         26          0          2        800       2162   usart1.o
       408         28          0          2        800       2734   usart2.o
       380         26          0          2        800       2150   usart3.o

    ----------------------------------------------------------------------
     32236       1678        336       4384       4580     391027   Object Totals
         0          0         32          0          0          0   (incl. Generated)
         2          0          0          4          0          0   (incl. Padding)

    ----------------------------------------------------------------------

      Code (inc. data)   RO Data    RW Data    ZI Data      Debug   Library Member Name

       100          0          0          0          0          0   __dclz77c.o
         8          0          0          0          0         68   __main.o
       392          4         17          0          0         92   __printf_flags_ss_wp.o
        14          0          0          0          0         68   __printf_wp.o
         0          0          0          0          0          0   __rtentry.o
        12          0          0          0          0          0   __rtentry2.o
         6          0          0          0          0          0   __rtentry4.o
        52          8          0          0          0          0   __scatter.o
        28          0          0          0          0          0   __scatter_zi.o
         6          0          0          0          0          0   _printf_a.o
         6          0          0          0          0          0   _printf_c.o
        44          0          0          0          0        108   _printf_char.o
        48          6          0          0          0         96   _printf_char_common.o
        40          0          0          0          0         68   _printf_charcount.o
         6          0          0          0          0          0   _printf_d.o
       120         16          0          0          0         92   _printf_dec.o
         6          0          0          0          0          0   _printf_e.o
         6          0          0          0          0          0   _printf_f.o
      1050          0          0          0          0        216   _printf_fp_dec.o
       764          8         38          0          0        100   _printf_fp_hex.o
       128         16          0          0          0         84   _printf_fp_infnan.o
         6          0          0          0          0          0   _printf_g.o
       148          4         40          0          0        160   _printf_hex_int_ll_ptr.o
         6          0          0          0          0          0   _printf_i.o
       178          0          0          0          0         88   _printf_intcommon.o
        10          0          0          0          0          0   _printf_l.o
         6          0          0          0          0          0   _printf_lc.o
        10          0          0          0          0          0   _printf_ll.o
         6          0          0          0          0          0   _printf_lld.o
         6          0          0          0          0          0   _printf_lli.o
         6          0          0          0          0          0   _printf_llo.o
         6          0          0          0          0          0   _printf_llu.o
         6          0          0          0          0          0   _printf_llx.o
       124         16          0          0          0         92   _printf_longlong_dec.o
         6          0          0          0          0          0   _printf_ls.o
         6          0          0          0          0          0   _printf_n.o
         6          0          0          0          0          0   _printf_o.o
       112         10          0          0          0        124   _printf_oct_int_ll.o
         6          0          0          0          0          0   _printf_p.o
        78          0          0          0          0        108   _printf_pad.o
         0          0          0          0          0          0   _printf_percent.o
         4          0          0          0          0          0   _printf_percent_end.o
         6          0          0          0          0          0   _printf_s.o
        82          0          0          0          0         80   _printf_str.o
        36          0          0          0          0         84   _printf_truncate.o
         6          0          0          0          0          0   _printf_u.o
        44          0          0          0          0        108   _printf_wchar.o
       188          6          8          0          0         92   _printf_wctomb.o
         6          0          0          0          0          0   _printf_x.o
        10          0          0          0          0         68   _sputc.o
        64          0          0          0          0         92   _wcrtomb.o
       220          4        148          0          0         96   bigflt0.o
      1910        128          0          0          0        672   btod.o
        18          0          0          0          0         80   exit.o
         6          0          0          0          0        152   heapauxi.o
         0          0          0          0          0          0   indicate_semi.o
        44         10        272          0          0         76   lc_ctype_c.o
        44         10         28          0          0         76   lc_numeric_c.o
         2          0          0          0          0          0   libinit.o
        30          0          0          0          0          0   libinit2.o
         2          0          0          0          0          0   libshutdown.o
         2          0          0          0          0          0   libshutdown2.o
         8          4          0          0         96         68   libspace.o
       138          0          0          0          0         80   lludiv10.o
        16          4          0          0          0         76   rt_ctype_table.o
         8          4          0          0          0         68   rt_locale_intlibspace.o
        78          0          0          0          0         80   rt_memclr_w.o
       100          0          0          0          0         80   rt_memcpy_w.o
         2          0          0          0          0          0   rtexit.o
        10          0          0          0          0          0   rtexit2.o
       128          0          0          0          0         68   strcmpv7m.o
        62          0          0          0          0         76   strlen.o
        36          0          0          0          0         80   strstr.o
        12          4          0          0          0         68   sys_exit.o
        74          0          0          0          0         80   sys_stackheap_outer.o
         2          0          0          0          0         68   use_no_semi.o
        36          4          0          0          0         76   vsprintf.o
         4          0          0          0          0         68   printf1.o
         4          0          0          0          0         68   printf2.o
         0          0          0          0          0          0   usenofp.o
        40          0          0          0          0         68   fpclassify.o

    ----------------------------------------------------------------------
      7064        266        552          0        100       4412   Library Totals
        14          0          1          0          4          0   (incl. Padding)

    ----------------------------------------------------------------------

      Code (inc. data)   RO Data    RW Data    ZI Data      Debug   Library Name

      7002        266        551          0         96       4208   c_w.l
         8          0          0          0          0        136   fz_ws.l
        40          0          0          0          0         68   m_ws.l

    ----------------------------------------------------------------------
      7064        266        552          0        100       4412   Library Totals

    ----------------------------------------------------------------------

==============================================================================


      Code (inc. data)   RO Data    RW Data    ZI Data      Debug   

     39300       1944        888       4384       4680     391275   Grand Totals
     39300       1944        888       1096       4680     391275   ELF Image Totals (compressed)
     39300       1944        888       1096          0          0   ROM Totals

==============================================================================

    Total RO  Size (Code + RO Data)                40188 (  39.25kB)
    Total RW  Size (RW Data + ZI Data)              9064 (   8.85kB)
    Total ROM Size (Code + RO Data + RW Data)      41284 (  40.32kB)

==============================================================================

